Archive member included to satisfy reference by file (symbol)

c:/devkitPro/libctru/lib\libsftd.a(sftd.o)
                              guithread.o (sftd_init)
c:/devkitPro/libctru/lib\libsftd.a(texture_atlas.o)
                              c:/devkitPro/libctru/lib\libsftd.a(sftd.o) (texture_atlas_create)
c:/devkitPro/libctru/lib\libsftd.a(bin_packing_2d.o)
                              c:/devkitPro/libctru/lib\libsftd.a(texture_atlas.o) (bp2d_create)
c:/devkitPro/libctru/lib\libsftd.a(int_htab.o)
                              c:/devkitPro/libctru/lib\libsftd.a(texture_atlas.o) (int_htab_create)
c:/devkitPro/libctru/lib\libfreetype.a(ftinit.o)
                              c:/devkitPro/libctru/lib\libsftd.a(sftd.o) (FT_Init_FreeType)
c:/devkitPro/libctru/lib\libfreetype.a(ftbase.o)
                              c:/devkitPro/libctru/lib\libsftd.a(sftd.o) (FT_Get_Kerning)
c:/devkitPro/libctru/lib\libfreetype.a(truetype.o)
                              c:/devkitPro/libctru/lib\libfreetype.a(ftinit.o) (tt_driver_class)
c:/devkitPro/libctru/lib\libfreetype.a(type1.o)
                              c:/devkitPro/libctru/lib\libfreetype.a(ftinit.o) (t1_driver_class)
c:/devkitPro/libctru/lib\libfreetype.a(cff.o)
                              c:/devkitPro/libctru/lib\libfreetype.a(ftinit.o) (cff_driver_class)
c:/devkitPro/libctru/lib\libfreetype.a(type1cid.o)
                              c:/devkitPro/libctru/lib\libfreetype.a(ftinit.o) (t1cid_driver_class)
c:/devkitPro/libctru/lib\libfreetype.a(pfr.o)
                              c:/devkitPro/libctru/lib\libfreetype.a(ftinit.o) (pfr_driver_class)
c:/devkitPro/libctru/lib\libfreetype.a(type42.o)
                              c:/devkitPro/libctru/lib\libfreetype.a(ftinit.o) (t42_driver_class)
c:/devkitPro/libctru/lib\libfreetype.a(winfnt.o)
                              c:/devkitPro/libctru/lib\libfreetype.a(ftinit.o) (winfnt_driver_class)
c:/devkitPro/libctru/lib\libfreetype.a(pcf.o)
                              c:/devkitPro/libctru/lib\libfreetype.a(ftinit.o) (pcf_driver_class)
c:/devkitPro/libctru/lib\libfreetype.a(bdf.o)
                              c:/devkitPro/libctru/lib\libfreetype.a(ftinit.o) (bdf_driver_class)
c:/devkitPro/libctru/lib\libfreetype.a(sfnt.o)
                              c:/devkitPro/libctru/lib\libfreetype.a(ftinit.o) (sfnt_module_class)
c:/devkitPro/libctru/lib\libfreetype.a(autofit.o)
                              c:/devkitPro/libctru/lib\libfreetype.a(ftinit.o) (autofit_module_class)
c:/devkitPro/libctru/lib\libfreetype.a(pshinter.o)
                              c:/devkitPro/libctru/lib\libfreetype.a(ftinit.o) (pshinter_module_class)
c:/devkitPro/libctru/lib\libfreetype.a(raster.o)
                              c:/devkitPro/libctru/lib\libfreetype.a(ftinit.o) (ft_raster1_renderer_class)
c:/devkitPro/libctru/lib\libfreetype.a(smooth.o)
                              c:/devkitPro/libctru/lib\libfreetype.a(ftinit.o) (ft_smooth_lcdv_renderer_class)
c:/devkitPro/libctru/lib\libfreetype.a(ftcache.o)
                              c:/devkitPro/libctru/lib\libsftd.a(sftd.o) (FTC_Manager_LookupFace)
c:/devkitPro/libctru/lib\libfreetype.a(ftgzip.o)
                              c:/devkitPro/libctru/lib\libfreetype.a(pcf.o) (FT_Stream_OpenGzip)
c:/devkitPro/libctru/lib\libfreetype.a(ftlzw.o)
                              c:/devkitPro/libctru/lib\libfreetype.a(pcf.o) (FT_Stream_OpenLZW)
c:/devkitPro/libctru/lib\libfreetype.a(psaux.o)
                              c:/devkitPro/libctru/lib\libfreetype.a(ftinit.o) (psaux_module_class)
c:/devkitPro/libctru/lib\libfreetype.a(psnames.o)
                              c:/devkitPro/libctru/lib\libfreetype.a(ftinit.o) (psnames_module_class)
c:/devkitPro/libctru/lib\libfreetype.a(ftsystem.o)
                              c:/devkitPro/libctru/lib\libfreetype.a(ftbase.o) (FT_Stream_Open)
c:/devkitPro/libctru/lib\libfreetype.a(ftbitmap.o)
                              c:/devkitPro/libctru/lib\libfreetype.a(sfnt.o) (FT_Bitmap_Init)
c:/devkitPro/libctru/lib\libfreetype.a(ftglyph.o)
                              c:/devkitPro/libctru/lib\libfreetype.a(ftcache.o) (FT_Get_Glyph)
c:/devkitPro/libctru/lib\libpng.a(png.o)
                              c:/devkitPro/libctru/lib\libfreetype.a(sfnt.o) (png_create_info_struct)
c:/devkitPro/libctru/lib\libpng.a(pngerror.o)
                              c:/devkitPro/libctru/lib\libpng.a(png.o) (png_safecat)
c:/devkitPro/libctru/lib\libpng.a(pngget.o)
                              c:/devkitPro/libctru/lib\libfreetype.a(sfnt.o) (png_get_valid)
c:/devkitPro/libctru/lib\libpng.a(pngmem.o)
                              c:/devkitPro/libctru/lib\libpng.a(png.o) (png_calloc)
c:/devkitPro/libctru/lib\libpng.a(pngread.o)
                              c:/devkitPro/libctru/lib\libfreetype.a(sfnt.o) (png_create_read_struct)
c:/devkitPro/libctru/lib\libpng.a(pngrio.o)
[...]
Memory Configuration

Name             Origin             Length             Attributes
*default*        0x00000000         0xffffffff

Linker script and memory map

                0x00100000                PROVIDE (__start__, 0x100000)
                0x00100000                . = __start__

.text           0x00100000    0xbcadc
 *(.crt0)
 .crt0          0x00100000       0x94 c:/devkitpro/devkitarm/bin/../lib/gcc/arm-none-eabi/6.3.0/../../../../arm-none-eabi/lib/armv6k/fpu/3dsx_crt0.o
                0x00100000                _start
                0x00100008                __service_ptr
                0x0010000c                __apt_appid
                0x00100010                __heap_size
                0x00100014                __linear_heap_size
                0x00100018                __system_arglist
                0x0010001c                __system_runflags
 *(.init)
 .init          0x00100094        0xc c:/devkitpro/devkitarm/bin/../lib/gcc/arm-none-eabi/6.3.0/armv6k/fpu/crti.o
                0x00100094                _init
 .init          0x001000a0        0xc c:/devkitpro/devkitarm/bin/../lib/gcc/arm-none-eabi/6.3.0/armv6k/fpu/crtn.o
                0x001000ac                . = ALIGN (0x4)
 *(.text)
 *fill*         0x001000ac        0x4 
 .text          0x001000b0     0x6cc8 c:/devkitPro/libctru/lib\libpng.a(png.o)
                0x001000b0                png_zalloc
                0x00100108                png_zfree
                0x00100a08                png_set_sig_bytes
                0x00100a48                png_sig_cmp
                0x00100ab8                png_reset_crc
                0x00100ad8                png_calculate_crc
                0x00100b2c                png_user_version_check
                0x00100c2c                png_create_png_struct
                0x00100d40                png_create_info_struct
                0x00100d80                png_destroy_info_struct
                0x00101108                png_info_init_3
                0x00101160                png_data_freer
                0x001011ac                png_free_data
                0x001011bc                png_get_io_ptr
                0x001011c8                png_init_io
                0x001011d4                png_save_int_32
                0x001011d8                png_convert_to_rfc1123_buffer
                0x001013bc                png_convert_to_rfc1123
                0x001015b0                png_get_copyright
                0x001015bc                png_get_libpng_ver
                0x001015c8                png_get_header_ver
                0x001015d4                png_get_header_version
                0x001015e0                png_build_grayscale_palette
                0x00101640                png_handle_as_unknown
                0x001016b4                png_chunk_unknown_handling
                0x00101744                png_reset_zstream
                0x0010175c                png_access_version_number
                0x00101768                png_zstream_error
                0x0010184c                png_colorspace_set_gamma
                0x001019b8                png_colorspace_sync_info
                0x00101a28                png_colorspace_sync
                0x00101ab0                png_colorspace_set_sRGB
                0x00101d34                png_icc_check_length
                0x00101ecc                png_icc_check_header
                0x00102228                png_icc_check_tag_table
                0x00102360                png_icc_set_sRGB
                0x001025b4                png_colorspace_set_ICC
                0x0010298c                png_colorspace_set_rgb_coefficients
                0x00102c34                png_check_IHDR
                0x00102eec                png_check_fp_number
                0x00103184                png_check_fp_string
                0x00103444                png_ascii_from_fp
                0x00103d70                png_ascii_from_fixed
                0x001041a0                png_fixed
                0x00104228                png_muldiv
                0x001042e0                png_muldiv_warn
                0x0010439c                png_reciprocal
                0x00104428                png_colorspace_set_endpoints
                0x00105428                png_colorspace_set_chromaticities
                0x00105efc                png_gamma_significant
                0x00105f1c                png_reciprocal2
                0x00105fd8                png_gamma_8bit_correct
                0x00106060                png_gamma_16bit_correct
                0x001060f4                png_gamma_correct
                0x00106204                png_destroy_gamma_table
                0x00106338                png_build_gamma_table
                0x00106c74                png_set_option
                0x00106cd4                png_image_free
                0x00106d10                png_image_error
 .text          0x00106d78     0x1a6c c:/devkitPro/libctru/lib\libpng.a(pngerror.o)
                0x00106fe4                png_safecat
                0x00107058                png_format_number
                0x001071c4                png_warning
                0x0010730c                png_warning_parameter
                0x00107388                png_warning_parameter_unsigned
                0x0010741c                png_warning_parameter_signed
                0x001074e8                png_formatted_warning
                0x001077c0                png_chunk_warning
                0x0010796c                png_free_jmpbuf
                0x001079fc                png_longjmp
                0x00107a28                png_error
                0x00107a88                png_app_warning
                0x00107be0                png_app_error
                0x00107d38                png_chunk_error
                0x00107d64                png_chunk_benign_error
                0x00107f08                png_benign_error
                0x001081d8                png_fixed_error
                0x00108258                png_set_longjmp_fn
                0x0010833c                png_chunk_report
                0x00108614                png_set_error_fn
                0x00108628                png_get_error_ptr
                0x00108634                png_safe_error
                0x001086d8                png_safe_warning
                0x0010874c                png_safe_execute
 *fill*         0x001087e4        0x4 
 .text          0x001087e8     0x12d0 c:/devkitPro/libctru/lib\libpng.a(pngget.o)
                0x001087e8                png_get_valid
                0x00108804                png_get_rowbytes
                0x0010881c                png_get_rows
                0x00108834                png_get_image_width
                0x0010884c                png_get_image_height
                0x00108864                png_get_bit_depth
                0x0010887c                png_get_color_type
                0x00108894                png_get_filter_type
                0x001088ac                png_get_interlace_type
                0x001088c4                png_get_compression_type
                0x001088dc                png_get_x_pixels_per_meter
                0x00108910                png_get_y_pixels_per_meter
                0x00108944                png_get_pixels_per_meter
                0x00108990                png_get_pixel_aspect_ratio
                0x001089d8                png_get_pixel_aspect_ratio_fixed
                0x00108a68                png_get_x_offset_microns
                0x00108a9c                png_get_y_offset_microns
                0x00108ad0                png_get_x_offset_pixels
                0x00108b04                png_get_y_offset_pixels
                0x00108b38                png_get_pixels_per_inch
                0x00108bc4                png_get_x_pixels_per_inch
                0x00108c40                png_get_y_pixels_per_inch
                0x00108cbc                png_get_x_offset_inches_fixed
                0x00108d0c                png_get_y_offset_inches_fixed
                0x00108d5c                png_get_x_offset_inches
                0x00108dac                png_get_y_offset_inches
                0x00108dfc                png_get_pHYs_dpi
                0x00108ec8                png_get_channels
                0x00108ee0                png_get_signature
                0x00108ef8                png_get_bKGD
                0x00108f34                png_get_cHRM
                0x00109048                png_get_cHRM_XYZ
                0x00109178                png_get_cHRM_XYZ_fixed
                0x00109250                png_get_cHRM_fixed
                0x00109314                png_get_gAMA_fixed
                0x0010934c                png_get_gAMA
                0x001093a0                png_get_sRGB
                0x001093dc                png_get_iCCP
                0x00109480                png_get_sPLT
                0x001094b0                png_get_hIST
                0x001094ec                png_get_IHDR
                0x001095a8                png_get_oFFs
                0x00109614                png_get_pCAL
                0x001096e4                png_get_sCAL_fixed
                0x0010976c                png_get_sCAL
                0x001097c4                png_get_sCAL_s
                0x00109808                png_get_pHYs
                0x00109868                png_get_PLTE
                0x001098ac                png_get_sBIT
                0x001098e8                png_get_text
                0x00109930                png_get_tIME
                0x0010996c                png_get_tRNS
                0x001099fc                png_get_unknown_chunks
                0x00109a2c                png_get_rgb_to_gray_status
                0x00109a38                png_get_user_chunk_ptr
                0x00109a44                png_get_compression_buffer_size
                0x00109a60                png_get_user_width_max
                0x00109a6c                png_get_user_height_max
                0x00109a78                png_get_chunk_cache_max
                0x00109a84                png_get_chunk_malloc_max
                0x00109a90                png_get_io_state
                0x00109a98                png_get_io_chunk_type
                0x00109aa0                png_get_palette_max
 .text          0x00109ab8      0x3ec c:/devkitPro/libctru/lib\libpng.a(pngmem.o)
                0x00109ab8                png_destroy_png_struct
                0x00109b20                png_calloc
                0x00109b98                png_malloc_base
                0x00109bc8                png_malloc_array
                0x00109c44                png_realloc_array
                0x00109d4c                png_malloc
                0x00109da8                png_malloc_default
                0x00109de8                png_malloc_warn
                0x00109e4c                png_free
                0x00109e70                png_free_default
                0x00109e84                png_set_mem_fn
                0x00109e98                png_get_mem_ptr
 .text          0x00109ea4     0x76f8 c:/devkitPro/libctru/lib\libpng.a(pngread.o)
                0x0010faf0                png_create_read_struct
                0x0010fb48                png_create_read_struct_2
                0x0010fba4                png_read_info
                0x0010fbb4                png_read_update_info
                0x0010fbf8                png_start_read_image
                0x0010fc1c                png_read_row
                0x0010ff74                png_read_rows
                0x00110368                png_read_image
                0x00110704                png_read_end
                0x00110b94                png_destroy_read_struct
                0x00110e18                png_set_read_status_fn
                0x00110e24                png_read_png
                0x001110dc                png_image_begin_read_from_stdio
                0x0011128c                png_image_begin_read_from_file
                0x00111354                png_image_begin_read_from_memory
                0x001113f0                png_image_finish_read
 .text          0x0011159c       0xac c:/devkitPro/libctru/lib\libpng.a(pngrio.o)
                0x0011159c                png_default_read_data
                0x001115d8                png_read_data
                0x001115f8                png_set_read_fn
 .text          0x00111648     0x5ff8 c:/devkitPro/libctru/lib\libpng.a(pngrtran.o)
                0x00112994                png_set_crc_action
                0x00112a70                png_set_background_fixed
                0x00112b28                png_set_background
                0x00112c00                png_set_scale_16
                0x00112c38                png_set_strip_16
                0x00112c70                png_set_strip_alpha
                0x00112ca8                png_set_alpha_mode_fixed
                0x00112ea4                png_set_alpha_mode
                0x00113154                png_set_quantize
                0x001139fc                png_set_gamma_fixed
                0x00113b04                png_set_gamma
                0x00113d38                png_set_expand
                0x00113d74                png_set_palette_to_rgb
                0x00113db0                png_set_expand_gray_1_2_4_to_8
                0x00113de8                png_set_tRNS_to_alpha
                0x00113e24                png_set_expand_16
                0x00113e60                png_set_gray_to_rgb
                0x00113e98                png_set_rgb_to_gray_fixed
                0x00113ff0                png_set_rgb_to_gray
                0x00114194                png_set_read_user_transform_fn
                0x001141a8                png_init_read_transformations
                0x00114e90                png_read_transform_info
                0x0011515c                png_do_read_transformations
 .text          0x00117640     0x5320 c:/devkitPro/libctru/lib\libpng.a(pngrutil.o)
                0x00118278                png_get_uint_31
                0x001182b4                png_get_uint_32
                0x001182d8                png_get_int_32
                0x00118310                png_get_uint_16
                0x00118324                png_read_sig
                0x001183d0                png_read_chunk_header
                0x00118540                png_crc_read
                0x00118570                png_crc_finish
                0x001186f0                png_crc_error
                0x00118790                png_handle_IHDR
                0x00118908                png_handle_PLTE
                0x00118b58                png_handle_IEND
                0x00118bac                png_handle_gAMA
                0x00118c90                png_handle_sBIT
                0x00118ea4                png_handle_cHRM
                0x00119164                png_handle_sRGB
                0x0011926c                png_handle_iCCP
                0x00119850                png_handle_sPLT
                0x00119b70                png_handle_tRNS
                0x00119dac                png_handle_bKGD
                0x00119fdc                png_handle_hIST
                0x0011a114                png_handle_pHYs
                0x0011a250                png_handle_oFFs
                0x0011a3f0                png_handle_pCAL
                0x0011a7a0                png_handle_sCAL
                0x0011aa28                png_handle_tIME
                0x0011ab3c                png_handle_tEXt
                0x0011acfc                png_handle_zTXt
                0x0011af50                png_handle_iTXt
                0x0011b2b8                png_handle_unknown
                0x0011b610                png_check_chunk_name
                0x0011b6d8                png_combine_row
                0x0011bbc8                png_do_read_interlace
                0x0011c054                png_read_filter_row
                0x0011c0dc                png_read_IDAT_data
                0x0011c458                png_read_finish_IDAT
                0x0011c4d0                png_read_finish_row
                0x0011c620                png_read_start_row
 .text          0x0011c960     0x1eb8 c:/devkitPro/libctru/lib\libpng.a(pngset.o)
                0x0011ccc0                png_set_bKGD
                0x0011cd0c                png_set_cHRM_fixed
                0x0011cd9c                png_set_cHRM_XYZ_fixed
                0x0011ce34                png_set_cHRM
                0x0011cf88                png_set_cHRM_XYZ
                0x0011d0fc                png_set_gAMA_fixed
                0x0011d12c                png_set_gAMA
                0x0011d170                png_set_hIST
                0x0011d21c                png_set_IHDR
                0x0011d2f8                png_set_oFFs
                0x0011d324                png_set_pCAL
                0x0011d5a4                png_set_sCAL_s
                0x0011d708                png_set_sCAL
                0x0011d8d4                png_set_sCAL_fixed
                0x0011da84                png_set_pHYs
                0x0011dab0                png_set_PLTE
                0x0011dbe4                png_set_sBIT
                0x0011dc28                png_set_sRGB
                0x0011dc58                png_set_sRGB_gAMA_and_cHRM
                0x0011dc98                png_set_iCCP
                0x0011ddec                png_set_text
                0x0011de30                png_set_text_2
                0x0011de68                png_set_tIME
                0x0011df08                png_set_tRNS
                0x0011e048                png_set_sPLT
                0x0011e1b8                png_set_unknown_chunks
                0x0011e348                png_set_unknown_chunk_location
                0x0011e3f4                png_permit_mng_features
                0x0011e408                png_set_keep_unknown_chunks
                0x0011e6bc                png_set_read_user_chunk_fn
                0x0011e6cc                png_set_rows
                0x0011e728                png_set_compression_buffer_size
                0x0011e7ac                png_set_invalid
                0x0011e7c4                png_set_user_limits
                0x0011e7d4                png_set_chunk_cache_max
                0x0011e7e0                png_set_chunk_malloc_max
                0x0011e7ec                png_set_benign_errors
                0x0011e804                png_set_check_for_invalid_index
 .text          0x0011e818      0xa8c c:/devkitPro/libctru/lib\libpng.a(pngtrans.o)
                0x0011e818                png_set_bgr
                0x0011e82c                png_set_swap
                0x0011e84c                png_set_packing
                0x0011e874                png_set_packswap
                0x0011e894                png_set_shift
                0x0011e8bc                png_set_interlace_handling
                0x0011e8ec                png_set_filler
                0x0011e974                png_set_add_alpha
                0x0011ea1c                png_set_swap_alpha
                0x0011ea30                png_set_invert_alpha
                0x0011ea44                png_set_invert_mono
                0x0011ea58                png_do_invert
                0x0011ec48                png_do_swap
                0x0011ec94                png_do_packswap
                0x0011ed00                png_do_strip_channel
                0x0011ef2c                png_do_bgr
                0x0011f068                png_do_check_palette_indexes
                0x0011f234                png_set_user_transform_info
                0x0011f278                png_get_user_transform_ptr
                0x0011f284                png_get_current_row_number
                0x0011f294                png_get_current_pass_number
 .text          0x0011f2a4     0x37ac c:/devkitPro/libctru/lib\libpng.a(pngwrite.o)
                0x0011f8b8                png_write_info_before_PLTE
                0x0011fef8                png_write_info
                0x0011ff08                png_write_end
                0x00120154                png_convert_from_struct_tm
                0x00120194                png_convert_from_time_t
                0x001201f4                png_create_write_struct
                0x00120280                png_create_write_struct_2
                0x00120310                png_write_rows
                0x001206e0                png_write_image
                0x00120ac0                png_write_row
                0x00121568                png_set_flush
                0x00121578                png_write_flush
                0x001215bc                png_destroy_write_struct
                0x0012166c                png_set_filter
                0x00122008                png_set_filter_heuristics
                0x0012200c                png_set_filter_heuristics_fixed
                0x00122010                png_set_compression_level
                0x0012201c                png_set_compression_mem_level
                0x00122028                png_set_compression_strategy
                0x00122040                png_set_compression_window_bits
                0x00122094                png_set_compression_method
                0x001220c4                png_set_text_compression_level
                0x001220d0                png_set_text_compression_mem_level
                0x001220dc                png_set_text_compression_strategy
                0x001220e8                png_set_text_compression_window_bits
                0x0012213c                png_set_text_compression_method
                0x0012216c                png_set_write_status_fn
                0x00122178                png_set_write_user_transform_fn
                0x00122190                png_write_png
                0x001226c0                png_image_write_to_stdio
                0x00122910                png_image_write_to_file
 .text          0x00122a50      0x778 c:/devkitPro/libctru/lib\libpng.a(pngwtran.o)
                0x00122a50                png_do_write_transformations
 .text          0x001231c8     0x40cc c:/devkitPro/libctru/lib\libpng.a(pngwutil.o)
                0x00123b7c                png_save_uint_32
                0x00123b9c                png_save_uint_16
                0x00123bac                png_write_sig
                0x00123c08                png_write_chunk_start
                0x00123cb4                png_write_chunk_data
                0x00123cf0                png_write_chunk_end
                0x00123d3c                png_write_chunk
                0x00123e68                png_free_buffer_list
                0x00123ea0                png_write_IHDR
                0x00124238                png_write_PLTE
                0x00124408                png_compress_IDAT
                0x00124844                png_write_IEND
                0x0012490c                png_write_gAMA_fixed
                0x00124a0c                png_write_sRGB
                0x00124b14                png_write_iCCP
                0x00124d7c                png_write_sPLT
                0x00124fcc                png_write_sBIT
                0x001250d4                png_write_cHRM_fixed
                0x00125228                png_write_tRNS
                0x00125400                png_write_bKGD
                0x00125600                png_write_hIST
                0x0012573c                png_write_tEXt
                0x001258ec                png_write_zTXt
                0x00125b34                png_write_iTXt
                0x00125efc                png_write_oFFs
                0x00126024                png_write_pCAL
                0x00126334                png_write_sCAL_s
                0x001263d8                png_write_pHYs
                0x00126524                png_write_tIME
                0x001265c0                png_write_start_row
                0x00126714                png_write_finish_row
                0x00126854                png_do_write_interlace
                0x00126ac4                png_write_find_filter
 .text          0x00127294       0xd8 c:/devkitPro/libctru/lib\libpng.a(pngwio.o)
                0x00127294                png_default_write_data
                0x001272d0                png_default_flush
                0x001272e0                png_write_data
                0x00127300                png_flush
                0x00127310                png_set_write_fn
 .text          0x0012736c      0x5c0 c:/devkitPro/libctru/lib\libz.a(adler32.o)
                0x0012736c                adler32
                0x001277b4                adler32_combine
                0x00127870                adler32_combine64
 .text          0x0012792c      0x5d8 c:/devkitPro/libctru/lib\libz.a(crc32.o)
                0x00127b40                get_crc_table
                0x00127b4c                crc32
                0x00127efc                crc32_combine
                0x00127f00                crc32_combine64
 .text          0x00127f04     0x40e0 c:/devkitPro/libctru/lib\libz.a(deflate.o)
                0x00129580                deflateSetDictionary
                0x00129798                deflateResetKeep
                0x00129870                deflateReset
                0x001299d8                deflateSetHeader
                0x00129a0c                deflatePending
                0x00129a58                deflatePrime
                0x00129b00                deflateTune
                0x00129b38                deflateBound
                0x00129c4c                deflate
                0x0012b49c                deflateParams
                0x0012b5b8                deflateEnd
                0x0012b6d8                deflateInit2_
                0x0012baa0                deflateInit_
                0x0012bde0                deflateCopy
 .text          0x0012bfe4     0x2c58 c:/devkitPro/libctru/lib\libz.a(inflate.o)
                0x0012bfe4                inflateResetKeep
                0x0012c074                inflateReset
                0x0012c110                inflateReset2
                0x0012c230                inflateInit2_
                0x0012c3b8                inflateInit_
                0x0012c51c                inflatePrime
                0x0012c594                inflate
                0x0012e430                inflateEnd
                0x0012e494                inflateGetDictionary
                0x0012e52c                inflateSetDictionary
                0x0012e6d4                inflateGetHeader
                0x0012e710                inflateSync
                0x0012e9c8                inflateSyncPoint
                0x0012ea08                inflateCopy
                0x0012ebb4                inflateUndermine
                0x0012ebe4                inflateMark
 .text          0x0012ec3c      0xbf4 c:/devkitPro/libctru/lib\libz.a(inftrees.o)
                0x0012ec3c                inflate_table
 .text          0x0012f830     0x257c c:/devkitPro/libctru/lib\libz.a(trees.o)
                0x00130d60                _tr_init
                0x00130e2c                _tr_stored_block
                0x00130fc0                _tr_flush_bits
                0x0013105c                _tr_align
                0x001311e0                _tr_flush_block
                0x00131cf4                _tr_tally
 .text          0x00131dac       0x38 c:/devkitPro/libctru/lib\libz.a(zutil.o)
                0x00131dac                zlibVersion
                0x00131db8                zlibCompileFlags
                0x00131dc0                zError
                0x00131dd4                zcalloc
                0x00131ddc                zcfree
 .text          0x00131de4      0xbe4 c:/devkitPro/libctru/lib\libz.a(inffast.o)
                0x00131de4                inflate_fast
 .text          0x001329c8       0x64 c:/devkitPro/libctru/lib\libctru.a(stack_adjust.o)
                0x001329c8                initSystem
                0x00132a0c                __ctru_exit
 .text          0x00132a2c      0x20c c:/devkitpro/devkitarm/bin/../lib/gcc/arm-none-eabi/6.3.0/armv6k/fpu\libgcc.a(_udivsi3.o)
                0x00132a2c                __aeabi_uidiv
                0x00132a2c                __udivsi3
                0x00132c18                __aeabi_uidivmod
 .text          0x00132c38      0x240 c:/devkitpro/devkitarm/bin/../lib/gcc/arm-none-eabi/6.3.0/armv6k/fpu\libgcc.a(_divsi3.o)
                0x00132c38                __divsi3
                0x00132c38                __aeabi_idiv
                0x00132e58                __aeabi_idivmod
 .text          0x00132e78        0x4 c:/devkitpro/devkitarm/bin/../lib/gcc/arm-none-eabi/6.3.0/armv6k/fpu\libgcc.a(_dvmd_tls.o)
                0x00132e78                __aeabi_idiv0
                0x00132e78                __aeabi_ldiv0
 .text          0x00132e7c      0x250 c:/devkitpro/devkitarm/bin/../lib/gcc/arm-none-eabi/6.3.0/armv6k/fpu\libgcc.a(_arm_addsubsf3.o)
                0x00132e7c                __aeabi_frsub
                0x00132e84                __subsf3
                0x00132e84                __aeabi_fsub
                0x00132e88                __aeabi_fadd
                0x00132e88                __addsf3
                0x00133018                __aeabi_ui2f
                0x00133018                __floatunsisf
                0x00133020                __aeabi_i2f
                0x00133020                __floatsisf
                0x00133040                __aeabi_ul2f
                0x00133040                __floatundisf
                0x00133050                __aeabi_l2f
                0x00133050                __floatdisf
 .text          0x001330cc       0x3c c:/devkitpro/devkitarm/bin/../lib/gcc/arm-none-eabi/6.3.0/armv6k/fpu\libgcc.a(_aeabi_uldivmod.o)
                0x001330cc                __aeabi_uldivmod
 .text          0x00133108       0x2c c:/devkitpro/devkitarm/bin/../lib/gcc/arm-none-eabi/6.3.0/../../../../arm-none-eabi/lib/armv6k/fpu\libg.a(lib_a-setjmp.o)
                0x00133108                setjmp
                0x0013311c                longjmp
 *fill*         0x00133134        0xc 
 .text          0x00133140      0x390 c:/devkitpro/devkitarm/bin/../lib/gcc/arm-none-eabi/6.3.0/../../../../arm-none-eabi/lib/armv6k/fpu\libg.a(lib_a-strcmp.o)
                0x00133148                strcmp
 *(.text.*)
 .text.deregister_tm_clones
                0x001334d0       0x30 c:/devkitpro/devkitarm/bin/../lib/gcc/arm-none-eabi/6.3.0/armv6k/fpu/crtbegin.o
 .text.register_tm_clones
                0x00133500       0x38 c:/devkitpro/devkitarm/bin/../lib/gcc/arm-none-eabi/6.3.0/armv6k/fpu/crtbegin.o
 .text.__do_global_dtors_aux
                0x00133538       0x44 c:/devkitpro/devkitarm/bin/../lib/gcc/arm-none-eabi/6.3.0/armv6k/fpu/crtbegin.o
 .text.frame_dummy
                0x0013357c       0x5c c:/devkitpro/devkitarm/bin/../lib/gcc/arm-none-eabi/6.3.0/armv6k/fpu/crtbegin.o
 .text.splitByte
                0x001335d8       0x34 conversion.o
                0x001335d8                splitByte
 .text.patchByte
                0x0013360c       0x7c conversion.o
                0x0013360c                patchByte
 .text.cal_save
                0x00133688       0x88 crc.o
                0x00133688                cal_save
 .text.save_import
                0x00133710      0x120 fs.o
                0x00133710                save_import
 .text.save_export
                0x00133830      0x124 fs.o
                0x00133830                save_export
 .text.save_backup
                0x00133954       0x8c fs.o
                0x00133954                save_backup
 .text.guithread
                0x001339e0       0xd0 guithread.o
                0x001339e0                guithread
 .text.botreg   0x00133ab0       0x4c main.o
                0x00133ab0                botreg
 .text.botreg2  0x00133afc       0x98 main.o
                0x00133afc                botreg2
 .text.topWait  0x00133b94       0x50 main.o
                0x00133b94                topWait
 .text.botWait  0x00133be4       0x50 main.o
                0x00133be4                botWait
 .text.topFail  0x00133c34       0x68 main.o
                0x00133c34                topFail
 .text.botFail  0x00133c9c       0x50 main.o
                0x00133c9c                botFail
 .text.botDisplay
                0x00133cec       0x60 main.o
                0x00133cec                botDisplay
 .text.topreg   0x00133d4c      0x180 main.o
                0x00133d4c                topreg
 .text.MyCallback
                0x00133ecc       0x34 main.o
 .text.HandleHIDRegion
                0x00133f00      0x1b4 main.o
                0x00133f00                HandleHIDRegion
 .text.openSwkdb
                0x001340b4       0x50 main.o
                0x001340b4                openSwkdb
 .text.HandleHIDOptions
                0x00134104      0x57c main.o
                0x00134104                HandleHIDOptions
 .text.startup.main
                0x00134680      0x224 main.o
                0x00134680                main
 .text.atlas_add_glyph
                0x001348a4      0x11c c:/devkitPro/libctru/lib\libsftd.a(sftd.o)
 .text.ftc_face_requester
                0x001349c0       0x5c c:/devkitPro/libctru/lib\libsftd.a(sftd.o)
 .text.sftd_init
                0x00134a1c       0x40 c:/devkitPro/libctru/lib\libsftd.a(sftd.o)
                0x00134a1c                sftd_init
 .text.sftd_fini
                0x00134a5c       0x44 c:/devkitPro/libctru/lib\libsftd.a(sftd.o)
                0x00134a5c                sftd_fini
 .text.sftd_load_font_mem
                0x00134aa0       0xbc c:/devkitPro/libctru/lib\libsftd.a(sftd.o)
                0x00134aa0                sftd_load_font_mem
 .text.sftd_free_font
                0x00134b5c       0x4c c:/devkitPro/libctru/lib\libsftd.a(sftd.o)
                0x00134b5c                sftd_free_font
 .text.sftd_draw_text
                0x00134ba8      0x254 c:/devkitPro/libctru/lib\libsftd.a(sftd.o)
                0x00134ba8                sftd_draw_text
 .text.sftd_draw_textf
                0x00134dfc       0x60 c:/devkitPro/libctru/lib\libsftd.a(sftd.o)
                0x00134dfc                sftd_draw_textf
 .text.texture_atlas_create
                0x00134e5c       0x88 c:/devkitPro/libctru/lib\libsftd.a(texture_atlas.o)
                0x00134e5c                texture_atlas_create
 .text.texture_atlas_free
                0x00134ee4       0x2c c:/devkitPro/libctru/lib\libsftd.a(texture_atlas.o)
                0x00134ee4                texture_atlas_free
 .text.texture_atlas_insert
                0x00134f10      0x110 c:/devkitPro/libctru/lib\libsftd.a(texture_atlas.o)
                0x00134f10                texture_atlas_insert
 .text.texture_atlas_exists
                0x00135020       0x18 c:/devkitPro/libctru/lib\libsftd.a(texture_atlas.o)
                0x00135020                texture_atlas_exists
 .text.texture_atlas_get
                0x00135038       0x70 c:/devkitPro/libctru/lib\libsftd.a(texture_atlas.o)
                0x00135038                texture_atlas_get
 .text.bp2d_create
                0x001350a8       0x4c c:/devkitPro/libctru/lib\libsftd.a(bin_packing_2d.o)
                0x001350a8                bp2d_create
 .text.bp2d_free
                0x001350f4       0x34 c:/devkitPro/libctru/lib\libsftd.a(bin_packing_2d.o)
                0x001350f4                bp2d_free
 .text.bp2d_insert
                0x00135128      0x15c c:/devkitPro/libctru/lib\libsftd.a(bin_packing_2d.o)
                0x00135128                bp2d_insert
 .text.int_htab_create
                0x00135284       0x3c c:/devkitPro/libctru/lib\libsftd.a(int_htab.o)
                0x00135284                int_htab_create
 .text.int_htab_free
                0x001352c0       0x4c c:/devkitPro/libctru/lib\libsftd.a(int_htab.o)
                0x001352c0                int_htab_free
 .text.int_htab_insert
                0x0013530c       0xf8 c:/devkitPro/libctru/lib\libsftd.a(int_htab.o)
                0x0013530c                int_htab_insert
 .text.int_htab_resize
                0x00135404       0x68 c:/devkitPro/libctru/lib\libsftd.a(int_htab.o)
                0x00135404                int_htab_resize
 .text.int_htab_find
                0x0013546c       0xa0 c:/devkitPro/libctru/lib\libsftd.a(int_htab.o)
                0x0013546c                int_htab_find
 .text.FT_Init_FreeType
                0x0013550c       0x68 c:/devkitPro/libctru/lib\libfreetype.a(ftinit.o)
                0x0013550c                FT_Init_FreeType
 .text.FT_Done_FreeType
                0x00135574       0x2c c:/devkitPro/libctru/lib\libfreetype.a(ftinit.o)
                0x00135574                FT_Done_FreeType
 .text.memory_stream_close
                0x001355a0       0x34 c:/devkitPro/libctru/lib\libfreetype.a(ftbase.o)
 .text.ft_raccess_sort_ref_by_id
                0x001355d4       0x24 c:/devkitPro/libctru/lib\libfreetype.a(ftbase.o)
 .text.ft_trig_pseudo_polarize
                0x001355f8       0xe0 c:/devkitPro/libctru/lib\libfreetype.a(ftbase.o)
 .text.FT_Outline_Get_Orientation.part.14
                0x001356d8      0x148 c:/devkitPro/libctru/lib\libfreetype.a(ftbase.o)
 .text.FT_Stream_Skip.part.15
                0x00135820       0x54 c:/devkitPro/libctru/lib\libfreetype.a(ftbase.o)
 .text.FT_Outline_Done_Internal.part.23
                0x00135874       0x88 c:/devkitPro/libctru/lib\libfreetype.a(ftbase.o)
 .text.FT_Stream_New.part.19
                0x001358fc       0xf4 c:/devkitPro/libctru/lib\libfreetype.a(ftbase.o)
 .text._ft_face_scale_advances.isra.4.part.5
                0x001359f0      0x17c c:/devkitPro/libctru/lib\libfreetype.a(ftbase.o)
 .text.FT_MulDiv.constprop.37
                0x00135b6c      0x120 c:/devkitPro/libctru/lib\libfreetype.a(ftbase.o)
 .text.raccess_guess_vfat
                0x00135c8c       0xf0 c:/devkitPro/libctru/lib\libfreetype.a(ftbase.o)
 .text.raccess_guess_linux_cap
                0x00135d7c       0xec c:/devkitPro/libctru/lib\libfreetype.a(ftbase.o)
 .text.raccess_guess_darwin_hfsplus
                0x00135e68       0xa8 c:/devkitPro/libctru/lib\libfreetype.a(ftbase.o)
 .text.raccess_guess_darwin_newvfs
                0x00135f10       0xb4 c:/devkitPro/libctru/lib\libfreetype.a(ftbase.o)
 .text.open_face
                0x00135fc4      0x330 c:/devkitPro/libctru/lib\libfreetype.a(ftbase.o)
 .text.FT_RoundFix
                0x001362f4       0x14 c:/devkitPro/libctru/lib\libfreetype.a(ftbase.o)
                0x001362f4                FT_RoundFix
 .text.FT_Hypot
                0x00136308      0x11c c:/devkitPro/libctru/lib\libfreetype.a(ftbase.o)
                0x00136308                FT_Hypot
 .text.FT_MulDiv
                0x00136424      0x154 c:/devkitPro/libctru/lib\libfreetype.a(ftbase.o)
                0x00136424                FT_MulDiv
 .text.FT_MulDiv_No_Round
                0x00136578      0x138 c:/devkitPro/libctru/lib\libfreetype.a(ftbase.o)
                0x00136578                FT_MulDiv_No_Round
 .text.FT_MulFix
                0x001366b0       0x20 c:/devkitPro/libctru/lib\libfreetype.a(ftbase.o)
                0x001366b0                FT_MulFix
 .text.FT_DivFix
                0x001366d0       0xf0 c:/devkitPro/libctru/lib\libfreetype.a(ftbase.o)
                0x001366d0                FT_DivFix
 .text.FT_Matrix_Invert
                0x001367c0       0xb4 c:/devkitPro/libctru/lib\libfreetype.a(ftbase.o)
                0x001367c0                FT_Matrix_Invert
 .text.FT_Matrix_Multiply_Scaled
                0x00136874      0x10c c:/devkitPro/libctru/lib\libfreetype.a(ftbase.o)
                0x00136874                FT_Matrix_Multiply_Scaled
 .text.FT_Vector_Transform_Scaled
                0x00136980       0x80 c:/devkitPro/libctru/lib\libfreetype.a(ftbase.o)
                0x00136980                FT_Vector_Transform_Scaled
 .text.FT_Vector_NormLen
                0x00136a00      0x1a8 c:/devkitPro/libctru/lib\libfreetype.a(ftbase.o)
                0x00136a00                FT_Vector_NormLen
 .text.ft_corner_orientation
                0x00136ba8      0x118 c:/devkitPro/libctru/lib\libfreetype.a(ftbase.o)
                0x00136ba8                ft_corner_orientation
 .text.ft_corner_is_flat
                0x00136cc0       0x90 c:/devkitPro/libctru/lib\libfreetype.a(ftbase.o)
                0x00136cc0                ft_corner_is_flat
 .text.FT_GlyphLoader_Rewind
                0x00136d50       0x34 c:/devkitPro/libctru/lib\libfreetype.a(ftbase.o)
                0x00136d50                FT_GlyphLoader_Rewind
 .text.FT_GlyphLoader_Reset
                0x00136d84       0xe8 c:/devkitPro/libctru/lib\libfreetype.a(ftbase.o)
                0x00136d84                FT_GlyphLoader_Reset
 .text.ft_glyphslot_done
                0x00136e6c       0xec c:/devkitPro/libctru/lib\libfreetype.a(ftbase.o)
 .text.destroy_face
                0x00136f58      0x2a8 c:/devkitPro/libctru/lib\libfreetype.a(ftbase.o)
 .text.FT_Remove_Module.part.32
                0x00137200      0x23c c:/devkitPro/libctru/lib\libfreetype.a(ftbase.o)
 .text.FT_GlyphLoader_Prepare
                0x0013743c       0x78 c:/devkitPro/libctru/lib\libfreetype.a(ftbase.o)
                0x0013743c                FT_GlyphLoader_Prepare
 .text.FT_GlyphLoader_Add
                0x001374b4      0x21c c:/devkitPro/libctru/lib\libfreetype.a(ftbase.o)
                0x001374b4                FT_GlyphLoader_Add
 .text.ft_service_list_lookup
                0x001376d0       0x60 c:/devkitPro/libctru/lib\libfreetype.a(ftbase.o)
                0x001376d0                ft_service_list_lookup
 .text.ft_validator_init
                0x00137730       0x18 c:/devkitPro/libctru/lib\libfreetype.a(ftbase.o)
                0x00137730                ft_validator_init
 .text.ft_validator_error
                0x00137748       0x14 c:/devkitPro/libctru/lib\libfreetype.a(ftbase.o)
                0x00137748                ft_validator_error
 .text.FT_Stream_Free
                0x0013775c       0x40 c:/devkitPro/libctru/lib\libfreetype.a(ftbase.o)
                0x0013775c                FT_Stream_Free
 .text.ft_glyphslot_free_bitmap
                0x0013779c       0x64 c:/devkitPro/libctru/lib\libfreetype.a(ftbase.o)
                0x0013779c                ft_glyphslot_free_bitmap
 .text.ft_glyphslot_set_bitmap
                0x00137800       0x60 c:/devkitPro/libctru/lib\libfreetype.a(ftbase.o)
                0x00137800                ft_glyphslot_set_bitmap
 .text.ft_glyphslot_alloc_bitmap
                0x00137860       0xb0 c:/devkitPro/libctru/lib\libfreetype.a(ftbase.o)
                0x00137860                ft_glyphslot_alloc_bitmap
 .text.FT_Done_GlyphSlot
                0x00137910       0x90 c:/devkitPro/libctru/lib\libfreetype.a(ftbase.o)
                0x00137910                FT_Done_GlyphSlot
 .text.FT_Done_Face
                0x001379a0       0xb8 c:/devkitPro/libctru/lib\libfreetype.a(ftbase.o)
                0x001379a0                FT_Done_Face
 .text.FT_New_Size
                0x00137a58      0x144 c:/devkitPro/libctru/lib\libfreetype.a(ftbase.o)
                0x00137a58                FT_New_Size
 .text.FT_Done_Size
                0x00137b9c      0x124 c:/devkitPro/libctru/lib\libfreetype.a(ftbase.o)
                0x00137b9c                FT_Done_Size
 .text.FT_Match_Size
                0x00137cc0      0x130 c:/devkitPro/libctru/lib\libfreetype.a(ftbase.o)
                0x00137cc0                FT_Match_Size
 .text.ft_synthesize_vertical_metrics
                0x00137df0       0x70 c:/devkitPro/libctru/lib\libfreetype.a(ftbase.o)
                0x00137df0                ft_synthesize_vertical_metrics
 .text.FT_Select_Metrics
                0x00137e60      0x144 c:/devkitPro/libctru/lib\libfreetype.a(ftbase.o)
                0x00137e60                FT_Select_Metrics
 .text.FT_Request_Metrics
                0x00137fa4      0x3bc c:/devkitPro/libctru/lib\libfreetype.a(ftbase.o)
                0x00137fa4                FT_Request_Metrics
 .text.FT_Request_Size.part.8
                0x00138360      0x18c c:/devkitPro/libctru/lib\libfreetype.a(ftbase.o)
 .text.FT_Select_Size
                0x001384ec       0x6c c:/devkitPro/libctru/lib\libfreetype.a(ftbase.o)
                0x001384ec                FT_Select_Size
 .text.FT_Request_Size
                0x00138558       0x3c c:/devkitPro/libctru/lib\libfreetype.a(ftbase.o)
                0x00138558                FT_Request_Size
 .text.FT_Set_Char_Size
                0x00138594       0x9c c:/devkitPro/libctru/lib\libfreetype.a(ftbase.o)
                0x00138594                FT_Set_Char_Size
 .text.FT_Set_Pixel_Sizes
                0x00138630       0x84 c:/devkitPro/libctru/lib\libfreetype.a(ftbase.o)
                0x00138630                FT_Set_Pixel_Sizes
 .text.FT_Get_Kerning
                0x001386b4      0x12c c:/devkitPro/libctru/lib\libfreetype.a(ftbase.o)
                0x001386b4                FT_Get_Kerning
 .text.FT_Select_Charmap
                0x001387e0      0x114 c:/devkitPro/libctru/lib\libfreetype.a(ftbase.o)
                0x001387e0                FT_Select_Charmap
 .text.FT_Set_Charmap
                0x001388f4       0xe8 c:/devkitPro/libctru/lib\libfreetype.a(ftbase.o)
                0x001388f4                FT_Set_Charmap
 .text.FT_Get_Charmap_Index
                0x001389dc       0x68 c:/devkitPro/libctru/lib\libfreetype.a(ftbase.o)
                0x001389dc                FT_Get_Charmap_Index
 .text.FT_Get_Char_Index
                0x00138a44       0x3c c:/devkitPro/libctru/lib\libfreetype.a(ftbase.o)
                0x00138a44                FT_Get_Char_Index
 .text.FT_Get_Next_Char
                0x00138a80       0x94 c:/devkitPro/libctru/lib\libfreetype.a(ftbase.o)
                0x00138a80                FT_Get_Next_Char
 .text.FT_Get_Glyph_Name
                0x00138b14       0xf0 c:/devkitPro/libctru/lib\libfreetype.a(ftbase.o)
                0x00138b14                FT_Get_Glyph_Name
 .text.FT_Activate_Size
                0x00138c04       0x3c c:/devkitPro/libctru/lib\libfreetype.a(ftbase.o)
                0x00138c04                FT_Activate_Size
 .text.FT_Lookup_Renderer
                0x00138c40       0x74 c:/devkitPro/libctru/lib\libfreetype.a(ftbase.o)
                0x00138c40                FT_Lookup_Renderer
 .text.FT_Render_Glyph_Internal
                0x00138cb4      0x118 c:/devkitPro/libctru/lib\libfreetype.a(ftbase.o)
                0x00138cb4                FT_Render_Glyph_Internal
 .text.FT_Get_Module
                0x00138dcc       0x6c c:/devkitPro/libctru/lib\libfreetype.a(ftbase.o)
                0x00138dcc                FT_Get_Module
 .text.FT_Get_Module_Interface
                0x00138e38       0x68 c:/devkitPro/libctru/lib\libfreetype.a(ftbase.o)
                0x00138e38                FT_Get_Module_Interface
 .text.ft_module_get_service
                0x00138ea0       0x84 c:/devkitPro/libctru/lib\libfreetype.a(ftbase.o)
                0x00138ea0                ft_module_get_service
 .text.FT_New_Library
                0x00138f24       0x84 c:/devkitPro/libctru/lib\libfreetype.a(ftbase.o)
                0x00138f24                FT_New_Library
 .text.FT_Done_Library
                0x00138fa8      0x1cc c:/devkitPro/libctru/lib\libfreetype.a(ftbase.o)
                0x00138fa8                FT_Done_Library
 .text.FT_Outline_Decompose
                0x00139174      0x418 c:/devkitPro/libctru/lib\libfreetype.a(ftbase.o)
                0x00139174                FT_Outline_Decompose
 .text.FT_Outline_Copy
                0x0013958c       0xa8 c:/devkitPro/libctru/lib\libfreetype.a(ftbase.o)
                0x0013958c                FT_Outline_Copy
 .text.FT_Outline_Done
                0x00139634       0xbc c:/devkitPro/libctru/lib\libfreetype.a(ftbase.o)
                0x00139634                FT_Outline_Done
 .text.FT_Outline_Get_CBox
                0x001396f0       0x90 c:/devkitPro/libctru/lib\libfreetype.a(ftbase.o)
                0x001396f0                FT_Outline_Get_CBox
 .text.FT_Outline_Translate
                0x00139780       0x54 c:/devkitPro/libctru/lib\libfreetype.a(ftbase.o)
                0x00139780                FT_Outline_Translate
 .text.FT_Vector_Transform
                0x001397d4       0xa8 c:/devkitPro/libctru/lib\libfreetype.a(ftbase.o)
                0x001397d4                FT_Vector_Transform
 .text.FT_Outline_Transform
                0x0013987c       0xe8 c:/devkitPro/libctru/lib\libfreetype.a(ftbase.o)
                0x0013987c                FT_Outline_Transform
 .text.FT_Load_Glyph.part.21
                0x00139964      0x6bc c:/devkitPro/libctru/lib\libfreetype.a(ftbase.o)
 .text.FT_Load_Glyph
                0x0013a020       0x20 c:/devkitPro/libctru/lib\libfreetype.a(ftbase.o)
                0x0013a020                FT_Load_Glyph
 .text.FT_Get_Advance
                0x0013a040      0x248 c:/devkitPro/libctru/lib\libfreetype.a(ftbase.o)
                0x0013a040                FT_Get_Advance
 .text.FT_Outline_EmboldenXY
                0x0013a288      0x3e4 c:/devkitPro/libctru/lib\libfreetype.a(ftbase.o)
                0x0013a288                FT_Outline_EmboldenXY
 .text.FT_Outline_Get_Orientation
                0x0013a66c       0x20 c:/devkitPro/libctru/lib\libfreetype.a(ftbase.o)
                0x0013a66c                FT_Outline_Get_Orientation
 .text.FT_Raccess_Guess
                0x0013a68c      0x110 c:/devkitPro/libctru/lib\libfreetype.a(ftbase.o)
                0x0013a68c                FT_Raccess_Guess
 .text.FT_Stream_OpenMemory
                0x0013a79c       0x18 c:/devkitPro/libctru/lib\libfreetype.a(ftbase.o)
                0x0013a79c                FT_Stream_OpenMemory
 .text.FT_Stream_Close
                0x0013a7b4       0x18 c:/devkitPro/libctru/lib\libfreetype.a(ftbase.o)
                0x0013a7b4                FT_Stream_Close
 .text.FT_Stream_Seek
                0x0013a7cc       0x4c c:/devkitPro/libctru/lib\libfreetype.a(ftbase.o)
                0x0013a7cc                FT_Stream_Seek
 .text.FT_Stream_Skip
                0x0013a818       0x64 c:/devkitPro/libctru/lib\libfreetype.a(ftbase.o)
                0x0013a818                FT_Stream_Skip
 .text.FT_Stream_Pos
                0x0013a87c        0x8 c:/devkitPro/libctru/lib\libfreetype.a(ftbase.o)
                0x0013a87c                FT_Stream_Pos
 .text.FT_Stream_Read
                0x0013a884       0x84 c:/devkitPro/libctru/lib\libfreetype.a(ftbase.o)
                0x0013a884                FT_Stream_Read
 .text.FT_Stream_ReadAt
                0x0013a908       0x7c c:/devkitPro/libctru/lib\libfreetype.a(ftbase.o)
                0x0013a908                FT_Stream_ReadAt
 .text.FT_Stream_TryRead
                0x0013a984       0x70 c:/devkitPro/libctru/lib\libfreetype.a(ftbase.o)
                0x0013a984                FT_Stream_TryRead
 .text.FT_Stream_ExtractFrame
                0x0013a9f4      0x128 c:/devkitPro/libctru/lib\libfreetype.a(ftbase.o)
                0x0013a9f4                FT_Stream_ExtractFrame
 .text.FT_Stream_ReleaseFrame
                0x0013ab1c       0x40 c:/devkitPro/libctru/lib\libfreetype.a(ftbase.o)
                0x0013ab1c                FT_Stream_ReleaseFrame
 .text.FT_Stream_EnterFrame
                0x0013ab5c      0x128 c:/devkitPro/libctru/lib\libfreetype.a(ftbase.o)
                0x0013ab5c                FT_Stream_EnterFrame
 .text.FT_Stream_ExitFrame
                0x0013ac84       0x44 c:/devkitPro/libctru/lib\libfreetype.a(ftbase.o)
                0x0013ac84                FT_Stream_ExitFrame
 .text.FT_Stream_GetChar
                0x0013acc8       0x20 c:/devkitPro/libctru/lib\libfreetype.a(ftbase.o)
                0x0013acc8                FT_Stream_GetChar
 .text.FT_Stream_GetUShort
                0x0013ace8       0x30 c:/devkitPro/libctru/lib\libfreetype.a(ftbase.o)
                0x0013ace8                FT_Stream_GetUShort
 .text.FT_Stream_GetUShortLE
                0x0013ad18       0x30 c:/devkitPro/libctru/lib\libfreetype.a(ftbase.o)
                0x0013ad18                FT_Stream_GetUShortLE
 .text.FT_Stream_GetULong
                0x0013ad48       0x44 c:/devkitPro/libctru/lib\libfreetype.a(ftbase.o)
                0x0013ad48                FT_Stream_GetULong
 .text.FT_Stream_GetULongLE
                0x0013ad8c       0x28 c:/devkitPro/libctru/lib\libfreetype.a(ftbase.o)
                0x0013ad8c                FT_Stream_GetULongLE
 .text.FT_Stream_ReadChar
                0x0013adb4       0x88 c:/devkitPro/libctru/lib\libfreetype.a(ftbase.o)
                0x0013adb4                FT_Stream_ReadChar
 .text.FT_Stream_ReadUShort
                0x0013ae3c       0x94 c:/devkitPro/libctru/lib\libfreetype.a(ftbase.o)
                0x0013ae3c                FT_Stream_ReadUShort
 .text.FT_Raccess_Get_HeaderInfo
                0x0013aed0      0x3bc c:/devkitPro/libctru/lib\libfreetype.a(ftbase.o)
                0x0013aed0                FT_Raccess_Get_HeaderInfo
 .text.FT_Stream_ReadUShortLE
                0x0013b28c       0x94 c:/devkitPro/libctru/lib\libfreetype.a(ftbase.o)
                0x0013b28c                FT_Stream_ReadUShortLE
 .text.FT_Stream_ReadUOffset
                0x0013b320       0xa4 c:/devkitPro/libctru/lib\libfreetype.a(ftbase.o)
                0x0013b320                FT_Stream_ReadUOffset
 .text.FT_Stream_ReadULong
                0x0013b3c4       0xac c:/devkitPro/libctru/lib\libfreetype.a(ftbase.o)
                0x0013b3c4                FT_Stream_ReadULong
 .text.raccess_guess_apple_generic.isra.16
                0x0013b470      0x124 c:/devkitPro/libctru/lib\libfreetype.a(ftbase.o)
 .text.raccess_guess_darwin_ufs_export
                0x0013b594      0x188 c:/devkitPro/libctru/lib\libfreetype.a(ftbase.o)
 .text.raccess_guess_linux_double
                0x0013b71c      0x180 c:/devkitPro/libctru/lib\libfreetype.a(ftbase.o)
 .text.raccess_guess_linux_netatalk
                0x0013b89c      0x1a0 c:/devkitPro/libctru/lib\libfreetype.a(ftbase.o)
 .text.raccess_guess_apple_double
                0x0013ba3c      0x1c4 c:/devkitPro/libctru/lib\libfreetype.a(ftbase.o)
 .text.raccess_guess_apple_single
                0x0013bc00      0x1c4 c:/devkitPro/libctru/lib\libfreetype.a(ftbase.o)
 .text.FT_Stream_ReadULongLE
                0x0013bdc4       0x8c c:/devkitPro/libctru/lib\libfreetype.a(ftbase.o)
                0x0013bdc4                FT_Stream_ReadULongLE
 .text.FT_Stream_ReadFields
                0x0013be50      0x274 c:/devkitPro/libctru/lib\libfreetype.a(ftbase.o)
                0x0013be50                FT_Stream_ReadFields
 .text.ft_mem_alloc
                0x0013c0c4       0x60 c:/devkitPro/libctru/lib\libfreetype.a(ftbase.o)
                0x0013c0c4                ft_mem_alloc
 .text.FT_New_GlyphSlot
                0x0013c124      0x168 c:/devkitPro/libctru/lib\libfreetype.a(ftbase.o)
                0x0013c124                FT_New_GlyphSlot
 .text.FT_Add_Module
                0x0013c28c      0x300 c:/devkitPro/libctru/lib\libfreetype.a(ftbase.o)
                0x0013c28c                FT_Add_Module
 .text.FT_GlyphLoader_CreateExtra
                0x0013c58c       0xe4 c:/devkitPro/libctru/lib\libfreetype.a(ftbase.o)
                0x0013c58c                FT_GlyphLoader_CreateExtra
 .text.ft_mem_qalloc
                0x0013c670       0x44 c:/devkitPro/libctru/lib\libfreetype.a(ftbase.o)
                0x0013c670                ft_mem_qalloc
 .text.ft_mem_realloc
                0x0013c6b4      0x148 c:/devkitPro/libctru/lib\libfreetype.a(ftbase.o)
                0x0013c6b4                ft_mem_realloc
 .text.FT_GlyphLoader_CheckPoints
                0x0013c7fc      0x220 c:/devkitPro/libctru/lib\libfreetype.a(ftbase.o)
                0x0013c7fc                FT_GlyphLoader_CheckPoints
 .text.FT_GlyphLoader_CheckSubGlyphs
                0x0013ca1c       0x88 c:/devkitPro/libctru/lib\libfreetype.a(ftbase.o)
                0x0013ca1c                FT_GlyphLoader_CheckSubGlyphs
 .text.FT_CMap_New
                0x0013caa4      0x130 c:/devkitPro/libctru/lib\libfreetype.a(ftbase.o)
                0x0013caa4                FT_CMap_New
 .text.FT_Raccess_Get_DataOffsets
                0x0013cbd4      0x46c c:/devkitPro/libctru/lib\libfreetype.a(ftbase.o)
                0x0013cbd4                FT_Raccess_Get_DataOffsets
 .text.IsMacResource
                0x0013d040      0x7d4 c:/devkitPro/libctru/lib\libfreetype.a(ftbase.o)
 .text.FT_Open_Face
                0x0013d814      0x9b0 c:/devkitPro/libctru/lib\libfreetype.a(ftbase.o)
                0x0013d814                FT_Open_Face
 .text.FT_New_Face
                0x0013e1c4       0x3c c:/devkitPro/libctru/lib\libfreetype.a(ftbase.o)
                0x0013e1c4                FT_New_Face
 .text.FT_New_Memory_Face
                0x0013e200       0x48 c:/devkitPro/libctru/lib\libfreetype.a(ftbase.o)
                0x0013e200                FT_New_Memory_Face
 .text.open_face_from_buffer
                0x0013e248      0x160 c:/devkitPro/libctru/lib\libfreetype.a(ftbase.o)
 .text.open_face_PS_from_sfnt_stream.isra.30
                0x0013e3a8      0x414 c:/devkitPro/libctru/lib\libfreetype.a(ftbase.o)
 .text.FT_Outline_New
                0x0013e7bc      0x13c c:/devkitPro/libctru/lib\libfreetype.a(ftbase.o)
                0x0013e7bc                FT_Outline_New
 .text.ft_mem_qrealloc
                0x0013e8f8       0xf4 c:/devkitPro/libctru/lib\libfreetype.a(ftbase.o)
                0x0013e8f8                ft_mem_qrealloc
 .text.ft_mem_free
                0x0013e9ec       0x10 c:/devkitPro/libctru/lib\libfreetype.a(ftbase.o)
                0x0013e9ec                ft_mem_free
 .text.ft_mem_strdup
                0x0013e9fc       0x88 c:/devkitPro/libctru/lib\libfreetype.a(ftbase.o)
                0x0013e9fc                ft_mem_strdup
 .text.ft_mem_strcpyn
                0x0013ea84       0x58 c:/devkitPro/libctru/lib\libfreetype.a(ftbase.o)
                0x0013ea84                ft_mem_strcpyn
 .text.FT_List_Find
                0x0013eadc       0x44 c:/devkitPro/libctru/lib\libfreetype.a(ftbase.o)
                0x0013eadc                FT_List_Find
 .text.FT_List_Add
                0x0013eb20       0x34 c:/devkitPro/libctru/lib\libfreetype.a(ftbase.o)
                0x0013eb20                FT_List_Add
 .text.FT_List_Finalize
                0x0013eb54       0x90 c:/devkitPro/libctru/lib\libfreetype.a(ftbase.o)
                0x0013eb54                FT_List_Finalize
 .text.tt_get_kerning
                0x0013ebe4       0x34 c:/devkitPro/libctru/lib\libfreetype.a(truetype.o)
 .text.tt_face_get_location
                0x0013ec18      0x108 c:/devkitPro/libctru/lib\libfreetype.a(truetype.o)
 .text.TT_Load_Glyph_Header
                0x0013ed20       0x90 c:/devkitPro/libctru/lib\libfreetype.a(truetype.o)
 .text.tt_size_init
                0x0013edb0       0x20 c:/devkitPro/libctru/lib\libfreetype.a(truetype.o)
 .text.tt_driver_init
                0x0013edd0       0x10 c:/devkitPro/libctru/lib\libfreetype.a(truetype.o)
 .text.tt_driver_done
                0x0013ede0        0x4 c:/devkitPro/libctru/lib\libfreetype.a(truetype.o)
 .text.Current_Ppem
                0x0013ede4        0x8 c:/devkitPro/libctru/lib\libfreetype.a(truetype.o)
 .text.Read_CVT
                0x0013edec        0xc c:/devkitPro/libctru/lib\libfreetype.a(truetype.o)
 .text.Write_CVT
                0x0013edf8        0xc c:/devkitPro/libctru/lib\libfreetype.a(truetype.o)
 .text.Move_CVT
                0x0013ee04       0x14 c:/devkitPro/libctru/lib\libfreetype.a(truetype.o)
 .text.Direct_Move_X
                0x0013ee18       0x24 c:/devkitPro/libctru/lib\libfreetype.a(truetype.o)
 .text.Direct_Move_Y
                0x0013ee3c       0x28 c:/devkitPro/libctru/lib\libfreetype.a(truetype.o)
 .text.Direct_Move_Orig_X
                0x0013ee64       0x14 c:/devkitPro/libctru/lib\libfreetype.a(truetype.o)
 .text.Direct_Move_Orig_Y
                0x0013ee78       0x18 c:/devkitPro/libctru/lib\libfreetype.a(truetype.o)
 .text.Round_None
                0x0013ee90       0x18 c:/devkitPro/libctru/lib\libfreetype.a(truetype.o)
 .text.SetSuperRound
                0x0013eea8       0xf0 c:/devkitPro/libctru/lib\libfreetype.a(truetype.o)
 .text.Project  0x0013ef98       0x44 c:/devkitPro/libctru/lib\libfreetype.a(truetype.o)
 .text.Dual_Project
                0x0013efdc       0x44 c:/devkitPro/libctru/lib\libfreetype.a(truetype.o)
 .text.Project_x
                0x0013f020        0x8 c:/devkitPro/libctru/lib\libfreetype.a(truetype.o)
 .text.Project_y
                0x0013f028        0x8 c:/devkitPro/libctru/lib\libfreetype.a(truetype.o)
 .text.Compute_Funcs
                0x0013f030      0x174 c:/devkitPro/libctru/lib\libfreetype.a(truetype.o)
 .text.SkipCode
                0x0013f1a4       0xa0 c:/devkitPro/libctru/lib\libfreetype.a(truetype.o)
 .text.Ins_MIRP
                0x0013f244      0x2e8 c:/devkitPro/libctru/lib\libfreetype.a(truetype.o)
 .text.Ins_DELTAP
                0x0013f52c      0x128 c:/devkitPro/libctru/lib\libfreetype.a(truetype.o)
 .text.TT_Hint_Glyph
                0x0013f654      0x29c c:/devkitPro/libctru/lib\libfreetype.a(truetype.o)
 .text.TT_Access_Glyph_Frame
                0x0013f8f0       0x48 c:/devkitPro/libctru/lib\libfreetype.a(truetype.o)
 .text.TT_Forget_Glyph_Frame
                0x0013f938        0x8 c:/devkitPro/libctru/lib\libfreetype.a(truetype.o)
 .text.Direct_Move_Orig
                0x0013f940       0x7c c:/devkitPro/libctru/lib\libfreetype.a(truetype.o)
 .text.Direct_Move
                0x0013f9bc       0x9c c:/devkitPro/libctru/lib\libfreetype.a(truetype.o)
 .text.Compute_Point_Displacement
                0x0013fa58      0x16c c:/devkitPro/libctru/lib\libfreetype.a(truetype.o)
 .text.Ins_IP   0x0013fbc4      0x3c8 c:/devkitPro/libctru/lib\libfreetype.a(truetype.o)
 .text.unlikely.ft_var_readpackedpoints
                0x0013ff8c      0x168 c:/devkitPro/libctru/lib\libfreetype.a(truetype.o)
 .text.unlikely.ft_var_readpackeddeltas
                0x001400f4      0x128 c:/devkitPro/libctru/lib\libfreetype.a(truetype.o)
 .text.Read_CVT_Stretched
                0x0014021c       0xc0 c:/devkitPro/libctru/lib\libfreetype.a(truetype.o)
 .text.TT_Load_Simple_Glyph
                0x001402dc      0x4b0 c:/devkitPro/libctru/lib\libfreetype.a(truetype.o)
 .text.tt_slot_init
                0x0014078c        0xc c:/devkitPro/libctru/lib\libfreetype.a(truetype.o)
 .text.tt_face_done
                0x00140798      0x16c c:/devkitPro/libctru/lib\libfreetype.a(truetype.o)
 .text.TT_Get_MM_Var
                0x00140904      0x4a0 c:/devkitPro/libctru/lib\libfreetype.a(truetype.o)
 .text.TT_Load_Composite_Glyph
                0x00140da4      0x2d8 c:/devkitPro/libctru/lib\libfreetype.a(truetype.o)
 .text.tt_property_get
                0x0014107c       0x34 c:/devkitPro/libctru/lib\libfreetype.a(truetype.o)
 .text.tt_property_set
                0x001410b0       0x4c c:/devkitPro/libctru/lib\libfreetype.a(truetype.o)
 .text.tt_get_metrics
                0x001410fc      0x134 c:/devkitPro/libctru/lib\libfreetype.a(truetype.o)
 .text.Ins_Goto_CodeRange.part.4
                0x00141230       0x54 c:/devkitPro/libctru/lib\libfreetype.a(truetype.o)
 .text.Round_To_Grid
                0x00141284       0x34 c:/devkitPro/libctru/lib\libfreetype.a(truetype.o)
 .text.Round_To_Half_Grid
                0x001412b8       0x38 c:/devkitPro/libctru/lib\libfreetype.a(truetype.o)
 .text.Round_Down_To_Grid
                0x001412f0       0x2c c:/devkitPro/libctru/lib\libfreetype.a(truetype.o)
 .text.Round_Up_To_Grid
                0x0014131c       0x34 c:/devkitPro/libctru/lib\libfreetype.a(truetype.o)
 .text.Round_To_Double_Grid
                0x00141350       0x34 c:/devkitPro/libctru/lib\libfreetype.a(truetype.o)
 .text.Round_Super
                0x00141384       0x6c c:/devkitPro/libctru/lib\libfreetype.a(truetype.o)
 .text.Round_Super_45
                0x001413f0       0x68 c:/devkitPro/libctru/lib\libfreetype.a(truetype.o)
 .text.Ins_JMPR.isra.18
                0x00141458       0x64 c:/devkitPro/libctru/lib\libfreetype.a(truetype.o)
 .text.Move_Zp2_Point
                0x001414bc       0xb0 c:/devkitPro/libctru/lib\libfreetype.a(truetype.o)
 .text.Ins_MDRP.isra.49
                0x0014156c      0x294 c:/devkitPro/libctru/lib\libfreetype.a(truetype.o)
 .text.unlikely.tt_delta_interpolate.part.52
                0x00141800      0x134 c:/devkitPro/libctru/lib\libfreetype.a(truetype.o)
 .text._iup_worker_interpolate.part.53
                0x00141934      0x180 c:/devkitPro/libctru/lib\libfreetype.a(truetype.o)
 .text.unlikely.ft_var_apply_tuple.isra.55
                0x00141ab4       0xd8 c:/devkitPro/libctru/lib\libfreetype.a(truetype.o)
 .text.TT_Vary_Apply_Glyph_Deltas
                0x00141b8c      0x8bc c:/devkitPro/libctru/lib\libfreetype.a(truetype.o)
 .text.tt_face_vary_cvt
                0x00142448      0x4c0 c:/devkitPro/libctru/lib\libfreetype.a(truetype.o)
 .text.tt_face_load_cvt
                0x00142908       0xfc c:/devkitPro/libctru/lib\libfreetype.a(truetype.o)
 .text.TT_Set_MM_Blend
                0x00142a04      0x56c c:/devkitPro/libctru/lib\libfreetype.a(truetype.o)
 .text.TT_Set_Var_Design
                0x00142f70      0x498 c:/devkitPro/libctru/lib\libfreetype.a(truetype.o)
 .text.tt_face_init
                0x00143408      0xd48 c:/devkitPro/libctru/lib\libfreetype.a(truetype.o)
 .text.tt_get_interface
                0x00144150       0x74 c:/devkitPro/libctru/lib\libfreetype.a(truetype.o)
 .text.Normalize.part.59
                0x001441c4       0x50 c:/devkitPro/libctru/lib\libfreetype.a(truetype.o)
 .text.tt_get_advances
                0x00144214      0x144 c:/devkitPro/libctru/lib\libfreetype.a(truetype.o)
 .text.Ins_SxVTL
                0x00144358       0xf0 c:/devkitPro/libctru/lib\libfreetype.a(truetype.o)
 .text.Ins_UNKNOWN
                0x00144448      0x104 c:/devkitPro/libctru/lib\libfreetype.a(truetype.o)
 .text.tt_size_done
                0x0014454c      0x178 c:/devkitPro/libctru/lib\libfreetype.a(truetype.o)
 .text.TT_Load_Context
                0x001446c4      0x2a0 c:/devkitPro/libctru/lib\libfreetype.a(truetype.o)
 .text.Write_CVT_Stretched
                0x00144964       0xc0 c:/devkitPro/libctru/lib\libfreetype.a(truetype.o)
 .text.Current_Ppem_Stretched
                0x00144a24       0xbc c:/devkitPro/libctru/lib\libfreetype.a(truetype.o)
 .text.Move_CVT_Stretched
                0x00144ae0       0xc8 c:/devkitPro/libctru/lib\libfreetype.a(truetype.o)
 .text.tt_size_run_prep
                0x00144ba8      0x3e8 c:/devkitPro/libctru/lib\libfreetype.a(truetype.o)
 .text.tt_size_select
                0x00144f90      0x1d8 c:/devkitPro/libctru/lib\libfreetype.a(truetype.o)
 .text.tt_size_request
                0x00145168      0x3f4 c:/devkitPro/libctru/lib\libfreetype.a(truetype.o)
 .text.TT_RunIns
                0x0014555c     0x2fe4 c:/devkitPro/libctru/lib\libfreetype.a(truetype.o)
                0x0014555c                TT_RunIns
 .text.load_truetype_glyph
                0x00148540     0x127c c:/devkitPro/libctru/lib\libfreetype.a(truetype.o)
 .text.TT_New_Context
                0x001497bc      0x11c c:/devkitPro/libctru/lib\libfreetype.a(truetype.o)
                0x001497bc                TT_New_Context
 .text.tt_glyph_load
                0x001498d8     0x112c c:/devkitPro/libctru/lib\libfreetype.a(truetype.o)
 .text.T1_Get_Multi_Master
                0x0014aa04       0xe4 c:/devkitPro/libctru/lib\libfreetype.a(type1.o)
 .text.T1_Set_MM_Blend
                0x0014aae8       0xc8 c:/devkitPro/libctru/lib\libfreetype.a(type1.o)
 .text.parse_buildchar
                0x0014abb0       0x28 c:/devkitPro/libctru/lib\libfreetype.a(type1.o)
 .text.parse_private
                0x0014abd8       0x10 c:/devkitPro/libctru/lib\libfreetype.a(type1.o)
 .text.T1_GlyphSlot_Done
                0x0014abe8       0x10 c:/devkitPro/libctru/lib\libfreetype.a(type1.o)
 .text.T1_Driver_Init
                0x0014abf8        0x8 c:/devkitPro/libctru/lib\libfreetype.a(type1.o)
 .text.T1_Driver_Done
                0x0014ac00        0x4 c:/devkitPro/libctru/lib\libfreetype.a(type1.o)
 .text.t1_get_ps_name
                0x0014ac04        0x8 c:/devkitPro/libctru/lib\libfreetype.a(type1.o)
 .text.t1_ps_get_font_info
                0x0014ac0c       0x24 c:/devkitPro/libctru/lib\libfreetype.a(type1.o)
 .text.t1_ps_get_font_extra
                0x0014ac30       0x10 c:/devkitPro/libctru/lib\libfreetype.a(type1.o)
 .text.t1_ps_has_glyph_names
                0x0014ac40        0x8 c:/devkitPro/libctru/lib\libfreetype.a(type1.o)
 .text.t1_ps_get_font_private
                0x0014ac48       0x20 c:/devkitPro/libctru/lib\libfreetype.a(type1.o)
 .text.compare_kern_pairs
                0x0014ac68       0x30 c:/devkitPro/libctru/lib\libfreetype.a(type1.o)
 .text.T1_GlyphSlot_Init
                0x0014ac98       0x4c c:/devkitPro/libctru/lib\libfreetype.a(type1.o)
 .text.t1_allocate_blend
                0x0014ace4      0x4f0 c:/devkitPro/libctru/lib\libfreetype.a(type1.o)
 .text.parse_weight_vector
                0x0014b1d4      0x128 c:/devkitPro/libctru/lib\libfreetype.a(type1.o)
 .text.parse_blend_design_positions
                0x0014b2fc      0x190 c:/devkitPro/libctru/lib\libfreetype.a(type1.o)
 .text.parse_blend_design_map
                0x0014b48c      0x1d0 c:/devkitPro/libctru/lib\libfreetype.a(type1.o)
 .text.parse_encoding
                0x0014b65c      0x4d4 c:/devkitPro/libctru/lib\libfreetype.a(type1.o)
 .text.T1_Load_Glyph
                0x0014bb30      0x5f8 c:/devkitPro/libctru/lib\libfreetype.a(type1.o)
 .text.t1_get_name_index
                0x0014c128       0x5c c:/devkitPro/libctru/lib\libfreetype.a(type1.o)
 .text.parse_blend_axis_types
                0x0014c184      0x12c c:/devkitPro/libctru/lib\libfreetype.a(type1.o)
 .text.t1_ps_get_font_value
                0x0014c2b0      0x768 c:/devkitPro/libctru/lib\libfreetype.a(type1.o)
 .text.t1_parse_font_matrix
                0x0014ca18      0x108 c:/devkitPro/libctru/lib\libfreetype.a(type1.o)
 .text.Get_Interface
                0x0014cb20        0xc c:/devkitPro/libctru/lib\libfreetype.a(type1.o)
 .text.T1_Get_Track_Kerning
                0x0014cb2c       0xcc c:/devkitPro/libctru/lib\libfreetype.a(type1.o)
 .text.t1_get_glyph_name
                0x0014cbf8       0x24 c:/devkitPro/libctru/lib\libfreetype.a(type1.o)
 .text.Get_Kerning
                0x0014cc1c       0xb8 c:/devkitPro/libctru/lib\libfreetype.a(type1.o)
 .text.T1_Size_Done
                0x0014ccd4       0x6c c:/devkitPro/libctru/lib\libfreetype.a(type1.o)
 .text.t1_get_index
                0x0014cd40       0x94 c:/devkitPro/libctru/lib\libfreetype.a(type1.o)
 .text.T1_Done_Blend.isra.4
                0x0014cdd4      0x174 c:/devkitPro/libctru/lib\libfreetype.a(type1.o)
 .text.T1_Face_Done
                0x0014cf48      0x194 c:/devkitPro/libctru/lib\libfreetype.a(type1.o)
 .text.T1_Read_Metrics
                0x0014d0dc      0x44c c:/devkitPro/libctru/lib\libfreetype.a(type1.o)
 .text.T1_Size_Init
                0x0014d528       0x84 c:/devkitPro/libctru/lib\libfreetype.a(type1.o)
 .text.T1_Size_Request
                0x0014d5ac       0xa0 c:/devkitPro/libctru/lib\libfreetype.a(type1.o)
 .text.T1_Get_MM_Var
                0x0014d64c      0x628 c:/devkitPro/libctru/lib\libfreetype.a(type1.o)
 .text.check_type1_format
                0x0014dc74       0xe4 c:/devkitPro/libctru/lib\libfreetype.a(type1.o)
 .text.T1_Set_MM_Design
                0x0014dd58      0x1ec c:/devkitPro/libctru/lib\libfreetype.a(type1.o)
 .text.T1_Set_Var_Design
                0x0014df44       0x68 c:/devkitPro/libctru/lib\libfreetype.a(type1.o)
 .text.T1_Compute_Max_Advance
                0x0014dfac      0x270 c:/devkitPro/libctru/lib\libfreetype.a(type1.o)
 .text.parse_subrs
                0x0014e21c      0x348 c:/devkitPro/libctru/lib\libfreetype.a(type1.o)
 .text.T1_Get_Advances
                0x0014e564      0x278 c:/devkitPro/libctru/lib\libfreetype.a(type1.o)
 .text.T1_Parse_Glyph
                0x0014e7dc      0x180 c:/devkitPro/libctru/lib\libfreetype.a(type1.o)
 .text.parse_charstrings
                0x0014e95c      0x73c c:/devkitPro/libctru/lib\libfreetype.a(type1.o)
 .text.parse_dict
                0x0014f098      0x644 c:/devkitPro/libctru/lib\libfreetype.a(type1.o)
 .text.T1_Open_Face
                0x0014f6dc      0xb50 c:/devkitPro/libctru/lib\libfreetype.a(type1.o)
 .text.T1_Face_Init
                0x0015022c      0x434 c:/devkitPro/libctru/lib\libfreetype.a(type1.o)
 .text.cff_get_kerning
                0x00150660       0x34 c:/devkitPro/libctru/lib\libfreetype.a(cff.o)
 .text.cff_ps_has_glyph_names
                0x00150694       0x14 c:/devkitPro/libctru/lib\libfreetype.a(cff.o)
 .text.cff_get_is_cid
                0x001506a8       0x34 c:/devkitPro/libctru/lib\libfreetype.a(cff.o)
 .text.cff_get_cid_from_glyph_index
                0x001506dc       0x50 c:/devkitPro/libctru/lib\libfreetype.a(cff.o)
 .text.cff_slot_done
                0x0015072c       0x10 c:/devkitPro/libctru/lib\libfreetype.a(cff.o)
 .text.cff_driver_init
                0x0015073c       0x5c c:/devkitPro/libctru/lib\libfreetype.a(cff.o)
 .text.cff_cmap_encoding_init
                0x00150798       0x1c c:/devkitPro/libctru/lib\libfreetype.a(cff.o)
 .text.cff_cmap_encoding_done
                0x001507b4        0xc c:/devkitPro/libctru/lib\libfreetype.a(cff.o)
 .text.cff_cmap_encoding_char_index
                0x001507c0       0x18 c:/devkitPro/libctru/lib\libfreetype.a(cff.o)
 .text.cff_cmap_encoding_char_next
                0x001507d8       0x4c c:/devkitPro/libctru/lib\libfreetype.a(cff.o)
 .text.cff_cmap_unicode_init
                0x00150824       0x58 c:/devkitPro/libctru/lib\libfreetype.a(cff.o)
 .text.cff_cmap_unicode_char_index
                0x0015087c       0x14 c:/devkitPro/libctru/lib\libfreetype.a(cff.o)
 .text.cff_cmap_unicode_char_next
                0x00150890       0x14 c:/devkitPro/libctru/lib\libfreetype.a(cff.o)
 .text.cf2_free_instance
                0x001508a4        0x4 c:/devkitPro/libctru/lib\libfreetype.a(cff.o)
 .text.cf2_hintmap_map
                0x001508a8      0x13c c:/devkitPro/libctru/lib\libfreetype.a(cff.o)
 .text.cf2_hintmap_insertHint
                0x001509e4      0x314 c:/devkitPro/libctru/lib\libfreetype.a(cff.o)
 .text.cf2_glyphpath_computeOffset
                0x00150cf8      0x1fc c:/devkitPro/libctru/lib\libfreetype.a(cff.o)
 .text.cff_slot_init
                0x00150ef4       0x50 c:/devkitPro/libctru/lib\libfreetype.a(cff.o)
 .text.cff_parse_real
                0x00150f44      0x3c4 c:/devkitPro/libctru/lib\libfreetype.a(cff.o)
 .text.unlikely.cff_charset_compute_cids
                0x00151308       0xbc c:/devkitPro/libctru/lib\libfreetype.a(cff.o)
 .text.cff_cmap_unicode_done
                0x001513c4       0x28 c:/devkitPro/libctru/lib\libfreetype.a(cff.o)
 .text.cff_get_cmap_info
                0x001513ec       0x90 c:/devkitPro/libctru/lib\libfreetype.a(cff.o)
 .text.cff_get_ps_name
                0x0015147c       0x6c c:/devkitPro/libctru/lib\libfreetype.a(cff.o)
 .text.cff_get_name_index
                0x001514e8       0xb8 c:/devkitPro/libctru/lib\libfreetype.a(cff.o)
 .text.unlikely.cff_index_get_pointers
                0x001515a0      0x334 c:/devkitPro/libctru/lib\libfreetype.a(cff.o)
 .text.cff_index_get_sid_string
                0x001518d4       0x60 c:/devkitPro/libctru/lib\libfreetype.a(cff.o)
 .text.cf2_stack_getReal
                0x00151934       0x84 c:/devkitPro/libctru/lib\libfreetype.a(cff.o)
 .text.cf2_hint_init.isra.47
                0x001519b8      0x1a8 c:/devkitPro/libctru/lib\libfreetype.a(cff.o)
 .text.cff_index_init
                0x00151b60      0x1a0 c:/devkitPro/libctru/lib\libfreetype.a(cff.o)
 .text.cf2_computeDarkening.part.60
                0x00151d00      0x1e4 c:/devkitPro/libctru/lib\libfreetype.a(cff.o)
 .text.cff_property_get
                0x00151ee4       0xb4 c:/devkitPro/libctru/lib\libfreetype.a(cff.o)
 .text.cff_property_set
                0x00151f98      0x12c c:/devkitPro/libctru/lib\libfreetype.a(cff.o)
 .text.cff_get_interface
                0x001520c4       0x64 c:/devkitPro/libctru/lib\libfreetype.a(cff.o)
 .text.cff_driver_done
                0x00152128        0x4 c:/devkitPro/libctru/lib\libfreetype.a(cff.o)
 .text.cf2_builder_lineTo
                0x0015212c      0x1d4 c:/devkitPro/libctru/lib\libfreetype.a(cff.o)
 .text.cf2_builder_cubeTo
                0x00152300      0x264 c:/devkitPro/libctru/lib\libfreetype.a(cff.o)
 .text.cff_size_done
                0x00152564       0x90 c:/devkitPro/libctru/lib\libfreetype.a(cff.o)
 .text.cff_size_init
                0x001525f4      0xb64 c:/devkitPro/libctru/lib\libfreetype.a(cff.o)
 .text.cff_size_select
                0x00153158      0x148 c:/devkitPro/libctru/lib\libfreetype.a(cff.o)
 .text.cff_size_request
                0x001532a0      0x190 c:/devkitPro/libctru/lib\libfreetype.a(cff.o)
 .text.cf2_builder_moveTo
                0x00153430       0xc0 c:/devkitPro/libctru/lib\libfreetype.a(cff.o)
 .text.cff_parse_num
                0x001534f0       0xf0 c:/devkitPro/libctru/lib\libfreetype.a(cff.o)
 .text.do_fixed
                0x001535e0      0x13c c:/devkitPro/libctru/lib\libfreetype.a(cff.o)
 .text.cff_parse_font_matrix
                0x0015371c      0x2ac c:/devkitPro/libctru/lib\libfreetype.a(cff.o)
 .text.unlikely.cff_parser_run
                0x001539c8      0x27c c:/devkitPro/libctru/lib\libfreetype.a(cff.o)
 .text.cff_sid_to_glyph_name
                0x00153c44       0x6c c:/devkitPro/libctru/lib\libfreetype.a(cff.o)
 .text.cff_face_done
                0x00153cb0      0x358 c:/devkitPro/libctru/lib\libfreetype.a(cff.o)
 .text.cff_index_access_element
                0x00154008      0x250 c:/devkitPro/libctru/lib\libfreetype.a(cff.o)
 .text.unlikely.cff_subfont_load
                0x00154258      0x274 c:/devkitPro/libctru/lib\libfreetype.a(cff.o)
 .text.cf2_getSeacComponent.isra.52
                0x001544cc      0x118 c:/devkitPro/libctru/lib\libfreetype.a(cff.o)
 .text.cff_get_glyph_name
                0x001545e4       0x98 c:/devkitPro/libctru/lib\libfreetype.a(cff.o)
 .text.cf2_glyphpath_hintPoint
                0x0015467c      0x22c c:/devkitPro/libctru/lib\libfreetype.a(cff.o)
 .text.cf2_glyphpath_pushPrevElem
                0x001548a8      0x50c c:/devkitPro/libctru/lib\libfreetype.a(cff.o)
 .text.cff_parse_private_dict
                0x00154db4      0x120 c:/devkitPro/libctru/lib\libfreetype.a(cff.o)
 .text.cff_parse_cid_ros
                0x00154ed4      0x2e0 c:/devkitPro/libctru/lib\libfreetype.a(cff.o)
 .text.cf2_hintmap_build
                0x001551b4      0xf64 c:/devkitPro/libctru/lib\libfreetype.a(cff.o)
 .text.cff_index_get_name
                0x00156118      0x29c c:/devkitPro/libctru/lib\libfreetype.a(cff.o)
 .text.cff_get_ros
                0x001563b4      0x138 c:/devkitPro/libctru/lib\libfreetype.a(cff.o)
 .text.cff_parse_font_bbox
                0x001564ec      0x440 c:/devkitPro/libctru/lib\libfreetype.a(cff.o)
 .text.cf2_doStems.isra.61.constprop.75
                0x0015692c      0x334 c:/devkitPro/libctru/lib\libfreetype.a(cff.o)
 .text.cff_ps_get_font_info
                0x00156c60      0x288 c:/devkitPro/libctru/lib\libfreetype.a(cff.o)
 .text.cf2_glyphpath_lineTo
                0x00156ee8      0x4d4 c:/devkitPro/libctru/lib\libfreetype.a(cff.o)
 .text.cf2_doFlex
                0x001573bc      0x75c c:/devkitPro/libctru/lib\libfreetype.a(cff.o)
 .text.cf2_glyphpath_curveTo
                0x00157b18      0x670 c:/devkitPro/libctru/lib\libfreetype.a(cff.o)
 .text.cff_face_init
                0x00158188     0x17fc c:/devkitPro/libctru/lib\libfreetype.a(cff.o)
 .text.cf2_interpT2CharString
                0x00159984     0x3dd4 c:/devkitPro/libctru/lib\libfreetype.a(cff.o)
 .text.cf2_decoder_parse_charstrings
                0x0015d758      0xbb4 c:/devkitPro/libctru/lib\libfreetype.a(cff.o)
 .text.cff_slot_load
                0x0015e30c      0xcbc c:/devkitPro/libctru/lib\libfreetype.a(cff.o)
 .text.cff_glyph_load
                0x0015efc8       0x50 c:/devkitPro/libctru/lib\libfreetype.a(cff.o)
 .text.cff_get_advances
                0x0015f018      0x28c c:/devkitPro/libctru/lib\libfreetype.a(cff.o)
 .text.parse_expansion_factor
                0x0015f2a4       0x54 c:/devkitPro/libctru/lib\libfreetype.a(type1cid.o)
 .text.cid_slot_done
                0x0015f2f8       0x10 c:/devkitPro/libctru/lib\libfreetype.a(type1cid.o)
 .text.cid_driver_init
                0x0015f308        0x8 c:/devkitPro/libctru/lib\libfreetype.a(type1cid.o)
 .text.cid_driver_done
                0x0015f310        0x4 c:/devkitPro/libctru/lib\libfreetype.a(type1cid.o)
 .text.cid_get_postscript_name
                0x0015f314       0x1c c:/devkitPro/libctru/lib\libfreetype.a(type1cid.o)
 .text.cid_ps_get_font_info
                0x0015f330       0x24 c:/devkitPro/libctru/lib\libfreetype.a(type1cid.o)
 .text.cid_ps_get_font_extra
                0x0015f354       0x14 c:/devkitPro/libctru/lib\libfreetype.a(type1cid.o)
 .text.cid_get_ros
                0x0015f368       0x2c c:/devkitPro/libctru/lib\libfreetype.a(type1cid.o)
 .text.cid_get_is_cid
                0x0015f394       0x14 c:/devkitPro/libctru/lib\libfreetype.a(type1cid.o)
 .text.cid_get_cid_from_glyph_index
                0x0015f3a8       0x10 c:/devkitPro/libctru/lib\libfreetype.a(type1cid.o)
 .text.cid_slot_init
                0x0015f3b8       0x4c c:/devkitPro/libctru/lib\libfreetype.a(type1cid.o)
 .text.cid_load_glyph
                0x0015f404      0x3f0 c:/devkitPro/libctru/lib\libfreetype.a(type1cid.o)
 .text.cid_slot_load_glyph
                0x0015f7f4      0x3e0 c:/devkitPro/libctru/lib\libfreetype.a(type1cid.o)
 .text.cid_face_done
                0x0015fbd4      0x148 c:/devkitPro/libctru/lib\libfreetype.a(type1cid.o)
 .text.cid_parse_font_matrix
                0x0015fd1c      0x130 c:/devkitPro/libctru/lib\libfreetype.a(type1cid.o)
 .text.parse_fd_array
                0x0015fe4c       0xc4 c:/devkitPro/libctru/lib\libfreetype.a(type1cid.o)
 .text.cid_get_interface
                0x0015ff10        0xc c:/devkitPro/libctru/lib\libfreetype.a(type1cid.o)
 .text.cid_size_done
                0x0015ff1c       0x6c c:/devkitPro/libctru/lib\libfreetype.a(type1cid.o)
 .text.cid_face_open
                0x0015ff88      0xd74 c:/devkitPro/libctru/lib\libfreetype.a(type1cid.o)
 .text.cid_face_init
                0x00160cfc      0x2a4 c:/devkitPro/libctru/lib\libfreetype.a(type1cid.o)
 .text.cid_size_request
                0x00160fa0       0x7c c:/devkitPro/libctru/lib\libfreetype.a(type1cid.o)
 .text.cid_size_init
                0x0016101c       0x90 c:/devkitPro/libctru/lib\libfreetype.a(type1cid.o)
 .text.pfr_cmap_init
                0x001610ac       0x60 c:/devkitPro/libctru/lib\libfreetype.a(pfr.o)
 .text.pfr_cmap_done
                0x0016110c       0x10 c:/devkitPro/libctru/lib\libfreetype.a(pfr.o)
 .text.pfr_cmap_char_index
                0x0016111c       0x80 c:/devkitPro/libctru/lib\libfreetype.a(pfr.o)
 .text.pfr_cmap_char_next
                0x0016119c       0xc0 c:/devkitPro/libctru/lib\libfreetype.a(pfr.o)
 .text.pfr_face_get_kerning
                0x0016125c      0x294 c:/devkitPro/libctru/lib\libfreetype.a(pfr.o)
 .text.pfr_extra_item_load_stem_snaps
                0x001614f0       0xc8 c:/devkitPro/libctru/lib\libfreetype.a(pfr.o)
 .text.pfr_extra_item_load_bitmap_info
                0x001615b8      0x238 c:/devkitPro/libctru/lib\libfreetype.a(pfr.o)
 .text.pfr_slot_done
                0x001617f0       0x50 c:/devkitPro/libctru/lib\libfreetype.a(pfr.o)
 .text.pfr_face_done
                0x00161840       0xf8 c:/devkitPro/libctru/lib\libfreetype.a(pfr.o)
 .text.pfr_slot_init
                0x00161938       0x3c c:/devkitPro/libctru/lib\libfreetype.a(pfr.o)
 .text.pfr_extra_item_load_kerning_pairs
                0x00161974      0x190 c:/devkitPro/libctru/lib\libfreetype.a(pfr.o)
 .text.pfr_extra_item_load_font_id
                0x00161b04       0x78 c:/devkitPro/libctru/lib\libfreetype.a(pfr.o)
 .text.pfr_aux_name_load
                0x00161b7c       0xd4 c:/devkitPro/libctru/lib\libfreetype.a(pfr.o)
 .text.pfr_get_service
                0x00161c50        0xc c:/devkitPro/libctru/lib\libfreetype.a(pfr.o)
 .text.pfr_get_metrics
                0x00161c5c       0x7c c:/devkitPro/libctru/lib\libfreetype.a(pfr.o)
 .text.pfr_get_advance
                0x00161cd8       0x48 c:/devkitPro/libctru/lib\libfreetype.a(pfr.o)
 .text.pfr_face_init
                0x00161d20      0xc50 c:/devkitPro/libctru/lib\libfreetype.a(pfr.o)
 .text.pfr_glyph_load_rec
                0x00162970      0xc98 c:/devkitPro/libctru/lib\libfreetype.a(pfr.o)
 .text.pfr_slot_load
                0x00163608      0xac8 c:/devkitPro/libctru/lib\libfreetype.a(pfr.o)
 .text.pfr_get_kerning
                0x001640d0      0x2e0 c:/devkitPro/libctru/lib\libfreetype.a(pfr.o)
 .text.T42_Driver_Done
                0x001643b0        0x4 c:/devkitPro/libctru/lib\libfreetype.a(type42.o)
 .text.t42_get_ps_font_name
                0x001643b4        0x8 c:/devkitPro/libctru/lib\libfreetype.a(type42.o)
 .text.t42_ps_get_font_info
                0x001643bc       0x24 c:/devkitPro/libctru/lib\libfreetype.a(type42.o)
 .text.t42_ps_get_font_extra
                0x001643e0       0x10 c:/devkitPro/libctru/lib\libfreetype.a(type42.o)
 .text.t42_ps_has_glyph_names
                0x001643f0        0x8 c:/devkitPro/libctru/lib\libfreetype.a(type42.o)
 .text.t42_ps_get_font_private
                0x001643f8       0x20 c:/devkitPro/libctru/lib\libfreetype.a(type42.o)
 .text.T42_Size_Select
                0x00164418       0x54 c:/devkitPro/libctru/lib\libfreetype.a(type42.o)
 .text.T42_Size_Request
                0x0016446c       0x54 c:/devkitPro/libctru/lib\libfreetype.a(type42.o)
 .text.T42_GlyphSlot_Done
                0x001644c0        0x8 c:/devkitPro/libctru/lib\libfreetype.a(type42.o)
 .text.T42_GlyphSlot_Init
                0x001644c8       0x4c c:/devkitPro/libctru/lib\libfreetype.a(type42.o)
 .text.T42_Size_Done
                0x00164514       0x38 c:/devkitPro/libctru/lib\libfreetype.a(type42.o)
 .text.T42_Size_Init
                0x0016454c       0x38 c:/devkitPro/libctru/lib\libfreetype.a(type42.o)
 .text.T42_Face_Done
                0x00164584      0x124 c:/devkitPro/libctru/lib\libfreetype.a(type42.o)
 .text.T42_Driver_Init
                0x001646a8       0x30 c:/devkitPro/libctru/lib\libfreetype.a(type42.o)
 .text.t42_get_name_index
                0x001646d8       0x74 c:/devkitPro/libctru/lib\libfreetype.a(type42.o)
 .text.t42_parse_sfnts
                0x0016474c      0x51c c:/devkitPro/libctru/lib\libfreetype.a(type42.o)
 .text.t42_parse_font_matrix
                0x00164c68       0xf8 c:/devkitPro/libctru/lib\libfreetype.a(type42.o)
 .text.T42_Get_Interface
                0x00164d60        0xc c:/devkitPro/libctru/lib\libfreetype.a(type42.o)
 .text.t42_get_glyph_name
                0x00164d6c       0x24 c:/devkitPro/libctru/lib\libfreetype.a(type42.o)
 .text.unlikely.t42_is_space
                0x00164d90       0x30 c:/devkitPro/libctru/lib\libfreetype.a(type42.o)
 .text.t42_parse_charstrings
                0x00164dc0      0x498 c:/devkitPro/libctru/lib\libfreetype.a(type42.o)
 .text.t42_parse_encoding
                0x00165258      0x48c c:/devkitPro/libctru/lib\libfreetype.a(type42.o)
 .text.T42_GlyphSlot_Load
                0x001656e4      0x15c c:/devkitPro/libctru/lib\libfreetype.a(type42.o)
 .text.T42_Face_Init
                0x00165840      0xab0 c:/devkitPro/libctru/lib\libfreetype.a(type42.o)
 .text.fnt_cmap_init
                0x001662f0       0x2c c:/devkitPro/libctru/lib\libfreetype.a(winfnt.o)
 .text.fnt_cmap_char_index
                0x0016631c       0x1c c:/devkitPro/libctru/lib\libfreetype.a(winfnt.o)
 .text.fnt_cmap_char_next
                0x00166338       0x3c c:/devkitPro/libctru/lib\libfreetype.a(winfnt.o)
 .text.winfnt_get_header
                0x00166374       0x24 c:/devkitPro/libctru/lib\libfreetype.a(winfnt.o)
 .text.FNT_Size_Select
                0x00166398       0x48 c:/devkitPro/libctru/lib\libfreetype.a(winfnt.o)
 .text.FNT_Load_Glyph
                0x001663e0      0x1f0 c:/devkitPro/libctru/lib\libfreetype.a(winfnt.o)
 .text.winfnt_get_service
                0x001665d0        0xc c:/devkitPro/libctru/lib\libfreetype.a(winfnt.o)
 .text.fnt_font_load
                0x001665dc       0xbc c:/devkitPro/libctru/lib\libfreetype.a(winfnt.o)
 .text.FNT_Face_Done
                0x00166698       0x74 c:/devkitPro/libctru/lib\libfreetype.a(winfnt.o)
 .text.FNT_Size_Request
                0x0016670c       0xc4 c:/devkitPro/libctru/lib\libfreetype.a(winfnt.o)
 .text.FNT_Face_Init
                0x001667d0      0xbd0 c:/devkitPro/libctru/lib\libfreetype.a(winfnt.o)
 .text.pcf_cmap_init
                0x001673a0       0x20 c:/devkitPro/libctru/lib\libfreetype.a(pcf.o)
 .text.pcf_cmap_done
                0x001673c0       0x10 c:/devkitPro/libctru/lib\libfreetype.a(pcf.o)
 .text.pcf_cmap_char_index
                0x001673d0       0x88 c:/devkitPro/libctru/lib\libfreetype.a(pcf.o)
 .text.pcf_cmap_char_next
                0x00167458       0xb4 c:/devkitPro/libctru/lib\libfreetype.a(pcf.o)
 .text.pcf_get_charset_id
                0x0016750c       0x1c c:/devkitPro/libctru/lib\libfreetype.a(pcf.o)
 .text.PCF_Size_Select
                0x00167528       0x44 c:/devkitPro/libctru/lib\libfreetype.a(pcf.o)
 .text.PCF_Size_Request
                0x0016756c       0xc8 c:/devkitPro/libctru/lib\libfreetype.a(pcf.o)
 .text.PCF_Glyph_Load
                0x00167634      0x2d4 c:/devkitPro/libctru/lib\libfreetype.a(pcf.o)
 .text.PCF_Face_Done
                0x00167908      0x140 c:/devkitPro/libctru/lib\libfreetype.a(pcf.o)
 .text.pcf_driver_requester
                0x00167a48        0xc c:/devkitPro/libctru/lib\libfreetype.a(pcf.o)
 .text.pcf_find_property.isra.0
                0x00167a54       0x54 c:/devkitPro/libctru/lib\libfreetype.a(pcf.o)
 .text.pcf_get_metric
                0x00167aa8       0x94 c:/devkitPro/libctru/lib\libfreetype.a(pcf.o)
 .text.pcf_get_bdf_property
                0x00167b3c       0x8c c:/devkitPro/libctru/lib\libfreetype.a(pcf.o)
 .text.pcf_get_accel
                0x00167bc8      0x1e0 c:/devkitPro/libctru/lib\libfreetype.a(pcf.o)
 .text.pcf_load_font
                0x00167da8     0x15f8 c:/devkitPro/libctru/lib\libfreetype.a(pcf.o)
 .text.PCF_Face_Init
                0x001693a0      0x1c8 c:/devkitPro/libctru/lib\libfreetype.a(pcf.o)
 .text.by_encoding
                0x00169568       0x24 c:/devkitPro/libctru/lib\libfreetype.a(bdf.o)
 .text.bdf_cmap_init
                0x0016958c       0x24 c:/devkitPro/libctru/lib\libfreetype.a(bdf.o)
 .text.bdf_cmap_done
                0x001695b0       0x10 c:/devkitPro/libctru/lib\libfreetype.a(bdf.o)
 .text.bdf_cmap_char_index
                0x001695c0       0x8c c:/devkitPro/libctru/lib\libfreetype.a(bdf.o)
 .text.bdf_cmap_char_next
                0x0016964c       0xbc c:/devkitPro/libctru/lib\libfreetype.a(bdf.o)
 .text.bdf_get_charset_id
                0x00169708       0x1c c:/devkitPro/libctru/lib\libfreetype.a(bdf.o)
 .text.BDF_Size_Select
                0x00169724       0x44 c:/devkitPro/libctru/lib\libfreetype.a(bdf.o)
 .text.BDF_Glyph_Load
                0x00169768      0x138 c:/devkitPro/libctru/lib\libfreetype.a(bdf.o)
 .text.bdf_driver_requester
                0x001698a0        0xc c:/devkitPro/libctru/lib\libfreetype.a(bdf.o)
 .text._bdf_atos.constprop.8
                0x001698ac       0xe4 c:/devkitPro/libctru/lib\libfreetype.a(bdf.o)
 .text._bdf_atous.constprop.9
                0x00169990       0xc8 c:/devkitPro/libctru/lib\libfreetype.a(bdf.o)
 .text._bdf_atol.constprop.10
                0x00169a58       0xdc c:/devkitPro/libctru/lib\libfreetype.a(bdf.o)
 .text._bdf_atoul.constprop.11
                0x00169b34       0xc0 c:/devkitPro/libctru/lib\libfreetype.a(bdf.o)
 .text.BDF_Size_Request
                0x00169bf4       0xcc c:/devkitPro/libctru/lib\libfreetype.a(bdf.o)
 .text.bdf_free_font
                0x00169cc0      0x2fc c:/devkitPro/libctru/lib\libfreetype.a(bdf.o)